Component: ARM Compiler 5.06 update 7 (build 960) Tool: armlink [4d3601]

==============================================================================

Section Cross References

    startup_stm32f407xx.o(STACK) refers (Special) to heapauxi.o(.text) for __use_two_region_memory
    startup_stm32f407xx.o(HEAP) refers (Special) to heapauxi.o(.text) for __use_two_region_memory
    startup_stm32f407xx.o(RESET) refers (Special) to heapauxi.o(.text) for __use_two_region_memory
    startup_stm32f407xx.o(RESET) refers to startup_stm32f407xx.o(STACK) for __initial_sp
    startup_stm32f407xx.o(RESET) refers to startup_stm32f407xx.o(.text) for Reset_Handler
    startup_stm32f407xx.o(RESET) refers to stm32f4xx_it.o(i.NMI_Handler) for NMI_Handler
    startup_stm32f407xx.o(RESET) refers to stm32f4xx_it.o(i.HardFault_Handler) for HardFault_Handler
    startup_stm32f407xx.o(RESET) refers to stm32f4xx_it.o(i.MemManage_Handler) for MemManage_Handler
    startup_stm32f407xx.o(RESET) refers to stm32f4xx_it.o(i.BusFault_Handler) for BusFault_Handler
    startup_stm32f407xx.o(RESET) refers to stm32f4xx_it.o(i.UsageFault_Handler) for UsageFault_Handler
    startup_stm32f407xx.o(RESET) refers to port.o(.emb_text) for SVC_Handler
    startup_stm32f407xx.o(RESET) refers to stm32f4xx_it.o(i.DebugMon_Handler) for DebugMon_Handler
    startup_stm32f407xx.o(RESET) refers to cmsis_os2.o(i.SysTick_Handler) for SysTick_Handler
    startup_stm32f407xx.o(RESET) refers to stm32f4xx_it.o(i.SPI1_IRQHandler) for SPI1_IRQHandler
    startup_stm32f407xx.o(RESET) refers to stm32f4xx_it.o(i.USART3_IRQHandler) for USART3_IRQHandler
    startup_stm32f407xx.o(RESET) refers to stm32f4xx_it.o(i.TIM8_TRG_COM_TIM14_IRQHandler) for TIM8_TRG_COM_TIM14_IRQHandler
    startup_stm32f407xx.o(RESET) refers to stm32f4xx_it.o(i.DMA2_Stream1_IRQHandler) for DMA2_Stream1_IRQHandler
    startup_stm32f407xx.o(RESET) refers to stm32f4xx_it.o(i.DMA2_Stream3_IRQHandler) for DMA2_Stream3_IRQHandler
    startup_stm32f407xx.o(RESET) refers to stm32f4xx_it.o(i.DMA2_Stream6_IRQHandler) for DMA2_Stream6_IRQHandler
    startup_stm32f407xx.o(RESET) refers to stm32f4xx_it.o(i.USART6_IRQHandler) for USART6_IRQHandler
    startup_stm32f407xx.o(.text) refers (Special) to heapauxi.o(.text) for __use_two_region_memory
    startup_stm32f407xx.o(.text) refers to system_stm32f4xx.o(i.SystemInit) for SystemInit
    startup_stm32f407xx.o(.text) refers to __main.o(!!!main) for __main
    startup_stm32f407xx.o(.text) refers to startup_stm32f407xx.o(HEAP) for Heap_Mem
    startup_stm32f407xx.o(.text) refers to startup_stm32f407xx.o(STACK) for Stack_Mem
    main.o(i.HAL_TIM_PeriodElapsedCallback) refers to stm32f4xx_hal.o(i.HAL_IncTick) for HAL_IncTick
    main.o(i.SystemClock_Config) refers to rt_memclr_w.o(.text) for __aeabi_memclr4
    main.o(i.SystemClock_Config) refers to stm32f4xx_hal_rcc.o(i.HAL_RCC_OscConfig) for HAL_RCC_OscConfig
    main.o(i.SystemClock_Config) refers to stm32f4xx_hal_rcc.o(i.HAL_RCC_ClockConfig) for HAL_RCC_ClockConfig
    main.o(i.main) refers to stm32f4xx_hal.o(i.HAL_Init) for HAL_Init
    main.o(i.main) refers to main.o(i.SystemClock_Config) for SystemClock_Config
    main.o(i.main) refers to gpio.o(i.MX_GPIO_Init) for MX_GPIO_Init
    main.o(i.main) refers to dma.o(i.MX_DMA_Init) for MX_DMA_Init
    main.o(i.main) refers to spi.o(i.MX_SPI1_Init) for MX_SPI1_Init
    main.o(i.main) refers to crc.o(i.MX_CRC_Init) for MX_CRC_Init
    main.o(i.main) refers to usart.o(i.MX_USART6_UART_Init) for MX_USART6_UART_Init
    main.o(i.main) refers to usart.o(i.MX_USART3_UART_Init) for MX_USART3_UART_Init
    main.o(i.main) refers to cmsis_os2.o(i.osKernelInitialize) for osKernelInitialize
    main.o(i.main) refers to freertos.o(i.MX_FREERTOS_Init) for MX_FREERTOS_Init
    main.o(i.main) refers to cmsis_os2.o(i.osKernelStart) for osKernelStart
    gpio.o(i.MX_GPIO_Init) refers to rt_memclr_w.o(.text) for __aeabi_memclr4
    gpio.o(i.MX_GPIO_Init) refers to stm32f4xx_hal_gpio.o(i.HAL_GPIO_WritePin) for HAL_GPIO_WritePin
    gpio.o(i.MX_GPIO_Init) refers to stm32f4xx_hal_gpio.o(i.HAL_GPIO_Init) for HAL_GPIO_Init
    freertos.o(i.MX_FREERTOS_Init) refers to cmsis_os2.o(i.osTimerNew) for osTimerNew
    freertos.o(i.MX_FREERTOS_Init) refers to cmsis_os2.o(i.osThreadNew) for osThreadNew
    freertos.o(i.MX_FREERTOS_Init) refers to freertos.o(.constdata) for .constdata
    freertos.o(i.MX_FREERTOS_Init) refers to freertos.o(i.Callback01) for Callback01
    freertos.o(i.MX_FREERTOS_Init) refers to freertos.o(.data) for .data
    freertos.o(i.MX_FREERTOS_Init) refers to freertos.o(i.Callback02) for Callback02
    freertos.o(i.MX_FREERTOS_Init) refers to freertos.o(i.StartDefaultTask) for StartDefaultTask
    freertos.o(i.MX_FREERTOS_Init) refers to freertos.o(i.StartTask02) for StartTask02
    freertos.o(i.MX_FREERTOS_Init) refers to freertos.o(i.StartTask03) for StartTask03
    freertos.o(i.StartDefaultTask) refers to lcd.o(i.LCD_Init) for LCD_Init
[...]
    i.prvTimerTask                           0x08003af0   Section        0  timers.o(i.prvTimerTask)
    prvTimerTask                             0x08003af1   Thumb Code    32  timers.o(i.prvTimerTask)
    i.prvUnlockQueue                         0x08003b14   Section        0  queue.o(i.prvUnlockQueue)
    prvUnlockQueue                           0x08003b15   Thumb Code   106  queue.o(i.prvUnlockQueue)
    i.pvPortMalloc                           0x08003b80   Section        0  heap_4.o(i.pvPortMalloc)
    i.pvTimerGetTimerID                      0x08003c5c   Section        0  timers.o(i.pvTimerGetTimerID)
    i.pxPortInitialiseStack                  0x08003c80   Section        0  port.o(i.pxPortInitialiseStack)
    i.uxListRemove                           0x08003cac   Section        0  list.o(i.uxListRemove)
    i.vApplicationGetIdleTaskMemory          0x08003cd4   Section        0  cmsis_os2.o(i.vApplicationGetIdleTaskMemory)
    i.vApplicationGetTimerTaskMemory         0x08003ce8   Section        0  cmsis_os2.o(i.vApplicationGetTimerTaskMemory)
    i.vListInitialise                        0x08003d00   Section        0  list.o(i.vListInitialise)
    i.vListInitialiseItem                    0x08003d16   Section        0  list.o(i.vListInitialiseItem)
    i.vListInsert                            0x08003d1c   Section        0  list.o(i.vListInsert)
    i.vListInsertEnd                         0x08003d4c   Section        0  list.o(i.vListInsertEnd)
    i.vPortEnterCritical                     0x08003d64   Section        0  port.o(i.vPortEnterCritical)
    i.vPortExitCritical                      0x08003da4   Section        0  port.o(i.vPortExitCritical)
    i.vPortFree                              0x08003dcc   Section        0  heap_4.o(i.vPortFree)
    i.vPortSetupTimerInterrupt               0x08003e30   Section        0  port.o(i.vPortSetupTimerInterrupt)
    i.vPortValidateInterruptPriority         0x08003e54   Section        0  port.o(i.vPortValidateInterruptPriority)
    i.vQueueAddToRegistry                    0x08003ea8   Section        0  queue.o(i.vQueueAddToRegistry)
    i.vQueueWaitForMessageRestricted         0x08003ed0   Section        0  queue.o(i.vQueueWaitForMessageRestricted)
    i.vTaskDelay                             0x08003f14   Section        0  tasks.o(i.vTaskDelay)
    i.vTaskInternalSetTimeOutState           0x08003f60   Section        0  tasks.o(i.vTaskInternalSetTimeOutState)
    i.vTaskMissedYield                       0x08003f70   Section        0  tasks.o(i.vTaskMissedYield)
    i.vTaskPlaceOnEventList                  0x08003f7c   Section        0  tasks.o(i.vTaskPlaceOnEventList)
    i.vTaskPlaceOnEventListRestricted        0x08003fac   Section        0  tasks.o(i.vTaskPlaceOnEventListRestricted)
    i.vTaskStartScheduler                    0x08003fe4   Section        0  tasks.o(i.vTaskStartScheduler)
    i.vTaskSuspendAll                        0x0800406c   Section        0  tasks.o(i.vTaskSuspendAll)
    i.vTaskSwitchContext                     0x0800407c   Section        0  tasks.o(i.vTaskSwitchContext)
    i.xPortStartScheduler                    0x080040e0   Section        0  port.o(i.xPortStartScheduler)
    i.xPortSysTickHandler                    0x080041d4   Section        0  port.o(i.xPortSysTickHandler)
    i.xQueueGenericCreateStatic              0x08004200   Section        0  queue.o(i.xQueueGenericCreateStatic)
    i.xQueueGenericReset                     0x08004268   Section        0  queue.o(i.xQueueGenericReset)
    i.xQueueGenericSend                      0x080042f0   Section        0  queue.o(i.xQueueGenericSend)
    i.xQueueGenericSendFromISR               0x08004450   Section        0  queue.o(i.xQueueGenericSendFromISR)
    i.xQueueReceive                          0x08004510   Section        0  queue.o(i.xQueueReceive)
    i.xTaskCheckForTimeOut                   0x08004648   Section        0  tasks.o(i.xTaskCheckForTimeOut)
    i.xTaskCreate                            0x080046bc   Section        0  tasks.o(i.xTaskCreate)
    i.xTaskCreateStatic                      0x08004716   Section        0  tasks.o(i.xTaskCreateStatic)
    i.xTaskGetSchedulerState                 0x0800476c   Section        0  tasks.o(i.xTaskGetSchedulerState)
    i.xTaskGetTickCount                      0x08004788   Section        0  tasks.o(i.xTaskGetTickCount)
    i.xTaskIncrementTick                     0x08004794   Section        0  tasks.o(i.xTaskIncrementTick)
    i.xTaskPriorityDisinherit                0x0800485c   Section        0  tasks.o(i.xTaskPriorityDisinherit)
    i.xTaskRemoveFromEventList               0x080048dc   Section        0  tasks.o(i.xTaskRemoveFromEventList)
    i.xTaskResumeAll                         0x0800494c   Section        0  tasks.o(i.xTaskResumeAll)
    i.xTimerCreate                           0x08004a10   Section        0  timers.o(i.xTimerCreate)
    i.xTimerCreateStatic                     0x08004a44   Section        0  timers.o(i.xTimerCreateStatic)
    i.xTimerCreateTimerTask                  0x08004a74   Section        0  timers.o(i.xTimerCreateTimerTask)
    i.xTimerGenericCommand                   0x08004ad4   Section        0  timers.o(i.xTimerGenericCommand)
    x$fpl$fpinit                             0x08004b3c   Section       10  fpinit.o(x$fpl$fpinit)
    $v0                                      0x08004b3c   Number         0  fpinit.o(x$fpl$fpinit)
    .constdata                               0x08004b48   Section      140  freertos.o(.constdata)
    .constdata                               0x08004bd4   Section        8  stm32f4xx_hal_dma.o(.constdata)
    flagBitshiftOffset                       0x08004bd4   Data           8  stm32f4xx_hal_dma.o(.constdata)
    .constdata                               0x08004bdc   Section       16  system_stm32f4xx.o(.constdata)
    .constdata                               0x08004bec   Section        8  system_stm32f4xx.o(.constdata)
    .constdata                               0x08004bf4   Section     5806  gui.o(.constdata)
    .conststring                             0x080062a4   Section       60  freertos.o(.conststring)
    .data                                    0x20000000   Section       20  freertos.o(.data)
    .data                                    0x20000014   Section        8  crc.o(.data)
    .data                                    0x2000001c   Section       12  stm32f4xx_hal.o(.data)
    .data                                    0x20000028   Section        4  system_stm32f4xx.o(.data)
    .data                                    0x2000002c   Section       60  tasks.o(.data)
    uxDeletedTasksWaitingCleanUp             0x20000030   Data           4  tasks.o(.data)
    uxCurrentNumberOfTasks                   0x20000034   Data           4  tasks.o(.data)
    xTickCount                               0x20000038   Data           4  tasks.o(.data)
    uxTopReadyPriority                       0x2000003c   Data           4  tasks.o(.data)
    xSchedulerRunning                        0x20000040   Data           4  tasks.o(.data)
    xPendedTicks                             0x20000044   Data           4  tasks.o(.data)
    xYieldPending                            0x20000048   Data           4  tasks.o(.data)
    xNumOfOverflows                          0x2000004c   Data           4  tasks.o(.data)
    uxTaskNumber                             0x20000050   Data           4  tasks.o(.data)
    xNextTaskUnblockTime                     0x20000054   Data           4  tasks.o(.data)
    xIdleTaskHandle                          0x20000058   Data           4  tasks.o(.data)
    uxSchedulerSuspended                     0x2000005c   Data           4  tasks.o(.data)
    pxDelayedTaskList                        0x20000060   Data           4  tasks.o(.data)
    pxOverflowDelayedTaskList                0x20000064   Data           4  tasks.o(.data)
    .data                                    0x20000068   Section       20  timers.o(.data)
    xTimerQueue                              0x20000068   Data           4  timers.o(.data)
    xTimerTaskHandle                         0x2000006c   Data           4  timers.o(.data)
    xLastTime                                0x20000070   Data           4  timers.o(.data)
    pxCurrentTimerList                       0x20000074   Data           4  timers.o(.data)
    pxOverflowTimerList                      0x20000078   Data           4  timers.o(.data)
    .data                                    0x2000007c   Section        4  cmsis_os2.o(.data)
    KernelState                              0x2000007c   Data           4  cmsis_os2.o(.data)
    .data                                    0x20000080   Section       32  heap_4.o(.data)
    pxEnd                                    0x20000080   Data           4  heap_4.o(.data)
    xFreeBytesRemaining                      0x20000084   Data           4  heap_4.o(.data)
    xMinimumEverFreeBytesRemaining           0x20000088   Data           4  heap_4.o(.data)
    xNumberOfSuccessfulAllocations           0x2000008c   Data           4  heap_4.o(.data)
    xNumberOfSuccessfulFrees                 0x20000090   Data           4  heap_4.o(.data)
    xBlockAllocatedBit                       0x20000094   Data           4  heap_4.o(.data)
    xStart                                   0x20000098   Data           8  heap_4.o(.data)
    .data                                    0x200000a0   Section       12  port.o(.data)
    ucMaxSysCallPriority                     0x200000a0   Data           1  port.o(.data)
    uxCriticalNesting                        0x200000a4   Data           4  port.o(.data)
    ulMaxPRIGROUPValue                       0x200000a8   Data           4  port.o(.data)
    .data                                    0x200000ac   Section        2  lcd.o(.data)
    .bss                                     0x200000b0   Section    12000  freertos.o(.bss)
    .bss                                     0x20002f90   Section       92  freertos.o(.bss)
    .bss                                     0x20002fec   Section    12000  freertos.o(.bss)
    .bss                                     0x20005ecc   Section       92  freertos.o(.bss)
    .bss                                     0x20005f28   Section    12000  freertos.o(.bss)
    .bss                                     0x20008e08   Section       92  freertos.o(.bss)
    .bss                                     0x20008e64   Section       44  freertos.o(.bss)
    .bss                                     0x20008e90   Section       44  freertos.o(.bss)
    .bss                                     0x20008ebc   Section      184  spi.o(.bss)
    .bss                                     0x20008f74   Section      336  usart.o(.bss)
    .bss                                     0x200090c4   Section       72  stm32f4xx_hal_timebase_tim.o(.bss)
    .bss                                     0x2000910c   Section       64  queue.o(.bss)
    .bss                                     0x2000914c   Section     1220  tasks.o(.bss)
    pxReadyTasksLists                        0x2000914c   Data        1120  tasks.o(.bss)
    xDelayedTaskList1                        0x200095ac   Data          20  tasks.o(.bss)
    xDelayedTaskList2                        0x200095c0   Data          20  tasks.o(.bss)
    xPendingReadyList                        0x200095d4   Data          20  tasks.o(.bss)
    xTasksWaitingTermination                 0x200095e8   Data          20  tasks.o(.bss)
    xSuspendedTaskList                       0x200095fc   Data          20  tasks.o(.bss)
    .bss                                     0x20009610   Section      280  timers.o(.bss)
    xStaticTimerQueue                        0x20009610   Data          80  timers.o(.bss)
    ucStaticTimerQueueStorage                0x20009660   Data         160  timers.o(.bss)
    xActiveTimerList1                        0x20009700   Data          20  timers.o(.bss)
    xActiveTimerList2                        0x20009714   Data          20  timers.o(.bss)
    .bss                                     0x20009728   Section     1720  cmsis_os2.o(.bss)
    Idle_TCB                                 0x20009728   Data          92  cmsis_os2.o(.bss)
    Idle_Stack                               0x20009784   Data         512  cmsis_os2.o(.bss)
    Timer_TCB                                0x20009984   Data          92  cmsis_os2.o(.bss)
    Timer_Stack                              0x200099e0   Data        1024  cmsis_os2.o(.bss)
    .bss                                     0x20009de0   Section    15360  heap_4.o(.bss)
    ucHeap                                   0x20009de0   Data       15360  heap_4.o(.bss)
    .bss                                     0x2000d9e0   Section       16  lcd.o(.bss)
    .bss                                     0x2000d9f0   Section       96  libspace.o(.bss)
    HEAP                                     0x2000da50   Section      512  startup_stm32f407xx.o(HEAP)
    Heap_Mem                                 0x2000da50   Data         512  startup_stm32f407xx.o(HEAP)
    STACK                                    0x2000dc50   Section     1024  startup_stm32f407xx.o(STACK)
    Stack_Mem                                0x2000dc50   Data        1024  startup_stm32f407xx.o(STACK)
    __initial_sp                             0x2000e050   Data           0  startup_stm32f407xx.o(STACK)

    Global Symbols

    Symbol Name                              Value     Ov Type        Size  Object(Section)

    BuildAttributes$$THM_ISAv4$E$P$D$K$B$S$7EM$VFPi3$EXTD16$VFPS$VFMA$PE$A:L22UL41UL21$X:L11$S22US41US21$IEEE1$IW$USESV6$~STKCKD$USESV7$~SHL$OSPACE$ROPI$EBA8$UX$STANDARDLIB$REQ8$PRES8$EABIv2 0x00000000   Number         0  anon$$obj.o ABSOLUTE
    __ARM_use_no_argv                        0x00000000   Number         0  main.o ABSOLUTE
    __ARM_exceptions_init                     - Undefined Weak Reference
    __alloca_initialize                       - Undefined Weak Reference
    __arm_fini_                               - Undefined Weak Reference
    __arm_preinit_                            - Undefined Weak Reference
    __cpp_initialize__aeabi_                  - Undefined Weak Reference
    __cxa_finalize                            - Undefined Weak Reference
    __rt_locale                               - Undefined Weak Reference
    __sigvec_lookup                           - Undefined Weak Reference
    _atexit_init                              - Undefined Weak Reference
    _call_atexit_fns                          - Undefined Weak Reference
    _clock_init                               - Undefined Weak Reference
    _fp_trap_init                             - Undefined Weak Reference
    _fp_trap_shutdown                         - Undefined Weak Reference
    _get_lc_collate                           - Undefined Weak Reference
    _get_lc_ctype                             - Undefined Weak Reference
    _get_lc_monetary                          - Undefined Weak Reference
    _get_lc_numeric                           - Undefined Weak Reference
    _get_lc_time                              - Undefined Weak Reference
    _getenv_init                              - Undefined Weak Reference
    _handle_redirection                       - Undefined Weak Reference
    _init_alloc                               - Undefined Weak Reference
    _init_user_alloc                          - Undefined Weak Reference
    _initio                                   - Undefined Weak Reference
    _rand_init                                - Undefined Weak Reference
    _signal_finish                            - Undefined Weak Reference
    _signal_init                              - Undefined Weak Reference
    _terminate_alloc                          - Undefined Weak Reference
    _terminate_user_alloc                     - Undefined Weak Reference
    _terminateio                              - Undefined Weak Reference
    __Vectors_Size                           0x00000188   Number         0  startup_stm32f407xx.o ABSOLUTE
    __Vectors                                0x08000000   Data           4  startup_stm32f407xx.o(RESET)
    __Vectors_End                            0x08000188   Data           0  startup_stm32f407xx.o(RESET)
    __main                                   0x08000189   Thumb Code     8  __main.o(!!!main)
    __scatterload                            0x08000191   Thumb Code     0  __scatter.o(!!!scatter)
    __scatterload_rt2                        0x08000191   Thumb Code    44  __scatter.o(!!!scatter)
    __scatterload_rt2_thumb_only             0x08000191   Thumb Code     0  __scatter.o(!!!scatter)
    __scatterload_null                       0x0800019f   Thumb Code     0  __scatter.o(!!!scatter)
    __scatterload_copy                       0x080001c5   Thumb Code    26  __scatter_copy.o(!!handler_copy)
    __scatterload_zeroinit                   0x080001e1   Thumb Code    28  __scatter_zi.o(!!handler_zi)
    __rt_lib_init                            0x080001fd   Thumb Code     0  libinit.o(.ARM.Collect$$libinit$$00000000)
    __rt_lib_init_fp_1                       0x080001ff   Thumb Code     0  libinit2.o(.ARM.Collect$$libinit$$00000001)
    __rt_lib_init_alloca_1                   0x08000203   Thumb Code     0  libinit2.o(.ARM.Collect$$libinit$$0000002E)
    __rt_lib_init_argv_1                     0x08000203   Thumb Code     0  libinit2.o(.ARM.Collect$$libinit$$0000002C)
    __rt_lib_init_atexit_1                   0x08000203   Thumb Code     0  libinit2.o(.ARM.Collect$$libinit$$0000001B)
    __rt_lib_init_clock_1                    0x08000203   Thumb Code     0  libinit2.o(.ARM.Collect$$libinit$$00000021)
    __rt_lib_init_cpp_1                      0x08000203   Thumb Code     0  libinit2.o(.ARM.Collect$$libinit$$00000032)
    __rt_lib_init_exceptions_1               0x08000203   Thumb Code     0  libinit2.o(.ARM.Collect$$libinit$$00000030)
    __rt_lib_init_fp_trap_1                  0x08000203   Thumb Code     0  libinit2.o(.ARM.Collect$$libinit$$0000001F)
    __rt_lib_init_getenv_1                   0x08000203   Thumb Code     0  libinit2.o(.ARM.Collect$$libinit$$00000023)
    __rt_lib_init_heap_1                     0x08000203   Thumb Code     0  libinit2.o(.ARM.Collect$$libinit$$0000000A)
    __rt_lib_init_lc_collate_1               0x08000203   Thumb Code     0  libinit2.o(.ARM.Collect$$libinit$$00000011)
    __rt_lib_init_lc_ctype_1                 0x08000203   Thumb Code     0  libinit2.o(.ARM.Collect$$libinit$$00000013)
    __rt_lib_init_lc_monetary_1              0x08000203   Thumb Code     0  libinit2.o(.ARM.Collect$$libinit$$00000015)
    __rt_lib_init_lc_numeric_1               0x08000203   Thumb Code     0  libinit2.o(.ARM.Collect$$libinit$$00000017)
    __rt_lib_init_lc_time_1                  0x08000203   Thumb Code     0  libinit2.o(.ARM.Collect$$libinit$$00000019)
    __rt_lib_init_preinit_1                  0x08000203   Thumb Code     0  libinit2.o(.ARM.Collect$$libinit$$00000004)
    __rt_lib_init_rand_1                     0x08000203   Thumb Code     0  libinit2.o(.ARM.Collect$$libinit$$0000000E)
    __rt_lib_init_return                     0x08000203   Thumb Code     0  libinit2.o(.ARM.Collect$$libinit$$00000033)
    __rt_lib_init_signal_1                   0x08000203   Thumb Code     0  libinit2.o(.ARM.Collect$$libinit$$0000001D)
    __rt_lib_init_stdio_1                    0x08000203   Thumb Code     0  libinit2.o(.ARM.Collect$$libinit$$00000025)
    __rt_lib_init_user_alloc_1               0x08000203   Thumb Code     0  libinit2.o(.ARM.Collect$$libinit$$0000000C)
    __rt_lib_shutdown                        0x08000205   Thumb Code     0  libshutdown.o(.ARM.Collect$$libshutdown$$00000000)
    __rt_lib_shutdown_cpp_1                  0x08000207   Thumb Code     0  libshutdown2.o(.ARM.Collect$$libshutdown$$00000004)
    __rt_lib_shutdown_fini_1                 0x08000207   Thumb Code     0  libshutdown2.o(.ARM.Collect$$libshutdown$$00000002)
    __rt_lib_shutdown_fp_trap_1              0x08000207   Thumb Code     0  libshutdown2.o(.ARM.Collect$$libshutdown$$00000009)
    __rt_lib_shutdown_heap_1                 0x08000207   Thumb Code     0  libshutdown2.o(.ARM.Collect$$libshutdown$$00000011)
    __rt_lib_shutdown_return                 0x08000207   Thumb Code     0  libshutdown2.o(.ARM.Collect$$libshutdown$$00000012)
    __rt_lib_shutdown_signal_1               0x08000207   Thumb Code     0  libshutdown2.o(.ARM.Collect$$libshutdown$$0000000C)
    __rt_lib_shutdown_stdio_1                0x08000207   Thumb Code     0  libshutdown2.o(.ARM.Collect$$libshutdown$$00000006)
    __rt_lib_shutdown_user_alloc_1           0x08000207   Thumb Code     0  libshutdown2.o(.ARM.Collect$$libshutdown$$0000000E)
    __rt_entry                               0x08000209   Thumb Code     0  __rtentry.o(.ARM.Collect$$rtentry$$00000000)
    __rt_entry_presh_1                       0x08000209   Thumb Code     0  __rtentry2.o(.ARM.Collect$$rtentry$$00000002)
    __rt_entry_sh                            0x08000209   Thumb Code     0  __rtentry4.o(.ARM.Collect$$rtentry$$00000004)
    __rt_entry_li                            0x0800020f   Thumb Code     0  __rtentry2.o(.ARM.Collect$$rtentry$$0000000A)
    __rt_entry_postsh_1                      0x0800020f   Thumb Code     0  __rtentry2.o(.ARM.Collect$$rtentry$$00000009)
    __rt_entry_main                          0x08000213   Thumb Code     0  __rtentry2.o(.ARM.Collect$$rtentry$$0000000D)
    __rt_entry_postli_1                      0x08000213   Thumb Code     0  __rtentry2.o(.ARM.Collect$$rtentry$$0000000C)
    __rt_exit                                0x0800021b   Thumb Code     0  rtexit.o(.ARM.Collect$$rtexit$$00000000)
    __rt_exit_ls                             0x0800021d   Thumb Code     0  rtexit2.o(.ARM.Collect$$rtexit$$00000003)
    __rt_exit_prels_1                        0x0800021d   Thumb Code     0  rtexit2.o(.ARM.Collect$$rtexit$$00000002)
    __rt_exit_exit                           0x08000221   Thumb Code     0  rtexit2.o(.ARM.Collect$$rtexit$$00000004)
    SVC_Handler                              0x08000229   Thumb Code    28  port.o(.emb_text)
    __asm___6_port_c_39a90d8d__prvStartFirstTask 0x08000249   Thumb Code    36  port.o(.emb_text)
    __asm___6_port_c_39a90d8d__prvEnableVFP  0x08000271   Thumb Code    16  port.o(.emb_text)
    PendSV_Handler                           0x08000285   Thumb Code    88  port.o(.emb_text)
    vPortGetIPSR                             0x080002e1   Thumb Code     6  port.o(.emb_text)
    Reset_Handler                            0x080002e9   Thumb Code     8  startup_stm32f407xx.o(.text)
    ADC_IRQHandler                           0x08000303   Thumb Code     0  startup_stm32f407xx.o(.text)
    CAN1_RX0_IRQHandler                      0x08000303   Thumb Code     0  startup_stm32f407xx.o(.text)
    CAN1_RX1_IRQHandler                      0x08000303   Thumb Code     0  startup_stm32f407xx.o(.text)
    CAN1_SCE_IRQHandler                      0x08000303   Thumb Code     0  startup_stm32f407xx.o(.text)
    CAN1_TX_IRQHandler                       0x08000303   Thumb Code     0  startup_stm32f407xx.o(.text)
    CAN2_RX0_IRQHandler                      0x08000303   Thumb Code     0  startup_stm32f407xx.o(.text)
    CAN2_RX1_IRQHandler                      0x08000303   Thumb Code     0  startup_stm32f407xx.o(.text)
    CAN2_SCE_IRQHandler                      0x08000303   Thumb Code     0  startup_stm32f407xx.o(.text)
    CAN2_TX_IRQHandler                       0x08000303   Thumb Code     0  startup_stm32f407xx.o(.text)
    DCMI_IRQHandler                          0x08000303   Thumb Code     0  startup_stm32f407xx.o(.text)
    DMA1_Stream0_IRQHandler                  0x08000303   Thumb Code     0  startup_stm32f407xx.o(.text)
    DMA1_Stream1_IRQHandler                  0x08000303   Thumb Code     0  startup_stm32f407xx.o(.text)
    DMA1_Stream2_IRQHandler                  0x08000303   Thumb Code     0  startup_stm32f407xx.o(.text)
    DMA1_Stream3_IRQHandler                  0x08000303   Thumb Code     0  startup_stm32f407xx.o(.text)
    DMA1_Stream4_IRQHandler                  0x08000303   Thumb Code     0  startup_stm32f407xx.o(.text)
    DMA1_Stream5_IRQHandler                  0x08000303   Thumb Code     0  startup_stm32f407xx.o(.text)
    DMA1_Stream6_IRQHandler                  0x08000303   Thumb Code     0  startup_stm32f407xx.o(.text)
    DMA1_Stream7_IRQHandler                  0x08000303   Thumb Code     0  startup_stm32f407xx.o(.text)
    DMA2_Stream0_IRQHandler                  0x08000303   Thumb Code     0  startup_stm32f407xx.o(.text)
    DMA2_Stream2_IRQHandler                  0x08000303   Thumb Code     0  startup_stm32f407xx.o(.text)
    DMA2_Stream4_IRQHandler                  0x08000303   Thumb Code     0  startup_stm32f407xx.o(.text)
    DMA2_Stream5_IRQHandler                  0x08000303   Thumb Code     0  startup_stm32f407xx.o(.text)
    DMA2_Stream7_IRQHandler                  0x08000303   Thumb Code     0  startup_stm32f407xx.o(.text)
    ETH_IRQHandler                           0x08000303   Thumb Code     0  startup_stm32f407xx.o(.text)
    ETH_WKUP_IRQHandler                      0x08000303   Thumb Code     0  startup_stm32f407xx.o(.text)
    EXTI0_IRQHandler                         0x08000303   Thumb Code     0  startup_stm32f407xx.o(.text)
    EXTI15_10_IRQHandler                     0x08000303   Thumb Code     0  startup_stm32f407xx.o(.text)
    EXTI1_IRQHandler                         0x08000303   Thumb Code     0  startup_stm32f407xx.o(.text)
    EXTI2_IRQHandler                         0x08000303   Thumb Code     0  startup_stm32f407xx.o(.text)
    EXTI3_IRQHandler                         0x08000303   Thumb Code     0  startup_stm32f407xx.o(.text)
    EXTI4_IRQHandler                         0x08000303   Thumb Code     0  startup_stm32f407xx.o(.text)
    EXTI9_5_IRQHandler                       0x08000303   Thumb Code     0  startup_stm32f407xx.o(.text)
    FLASH_IRQHandler                         0x08000303   Thumb Code     0  startup_stm32f407xx.o(.text)
    FMC_IRQHandler                           0x08000303   Thumb Code     0  startup_stm32f407xx.o(.text)
    FPU_IRQHandler                           0x08000303   Thumb Code     0  startup_stm32f407xx.o(.text)
    HASH_RNG_IRQHandler                      0x08000303   Thumb Code     0  startup_stm32f407xx.o(.text)
    I2C1_ER_IRQHandler                       0x08000303   Thumb Code     0  startup_stm32f407xx.o(.text)
    I2C1_EV_IRQHandler                       0x08000303   Thumb Code     0  startup_stm32f407xx.o(.text)
    I2C2_ER_IRQHandler                       0x08000303   Thumb Code     0  startup_stm32f407xx.o(.text)
    I2C2_EV_IRQHandler                       0x08000303   Thumb Code     0  startup_stm32f407xx.o(.text)
    I2C3_ER_IRQHandler                       0x08000303   Thumb Code     0  startup_stm32f407xx.o(.text)
    I2C3_EV_IRQHandler                       0x08000303   Thumb Code     0  startup_stm32f407xx.o(.text)
    OTG_FS_IRQHandler                        0x08000303   Thumb Code     0  startup_stm32f407xx.o(.text)
    OTG_FS_WKUP_IRQHandler                   0x08000303   Thumb Code     0  startup_stm32f407xx.o(.text)
    OTG_HS_EP1_IN_IRQHandler                 0x08000303   Thumb Code     0  startup_stm32f407xx.o(.text)
    OTG_HS_EP1_OUT_IRQHandler                0x08000303   Thumb Code     0  startup_stm32f407xx.o(.text)
    OTG_HS_IRQHandler                        0x08000303   Thumb Code     0  startup_stm32f407xx.o(.text)
    OTG_HS_WKUP_IRQHandler                   0x08000303   Thumb Code     0  startup_stm32f407xx.o(.text)
    PVD_IRQHandler                           0x08000303   Thumb Code     0  startup_stm32f407xx.o(.text)
    RCC_IRQHandler                           0x08000303   Thumb Code     0  startup_stm32f407xx.o(.text)
    RTC_Alarm_IRQHandler                     0x08000303   Thumb Code     0  startup_stm32f407xx.o(.text)
    RTC_WKUP_IRQHandler                      0x08000303   Thumb Code     0  startup_stm32f407xx.o(.text)
    SDIO_IRQHandler                          0x08000303   Thumb Code     0  startup_stm32f407xx.o(.text)
    SPI2_IRQHandler                          0x08000303   Thumb Code     0  startup_stm32f407xx.o(.text)
    SPI3_IRQHandler                          0x08000303   Thumb Code     0  startup_stm32f407xx.o(.text)
    TAMP_STAMP_IRQHandler                    0x08000303   Thumb Code     0  startup_stm32f407xx.o(.text)
    TIM1_BRK_TIM9_IRQHandler                 0x08000303   Thumb Code     0  startup_stm32f407xx.o(.text)
    TIM1_CC_IRQHandler                       0x08000303   Thumb Code     0  startup_stm32f407xx.o(.text)
    TIM1_TRG_COM_TIM11_IRQHandler            0x08000303   Thumb Code     0  startup_stm32f407xx.o(.text)
    TIM1_UP_TIM10_IRQHandler                 0x08000303   Thumb Code     0  startup_stm32f407xx.o(.text)
    TIM2_IRQHandler                          0x08000303   Thumb Code     0  startup_stm32f407xx.o(.text)
    TIM3_IRQHandler                          0x08000303   Thumb Code     0  startup_stm32f407xx.o(.text)
    TIM4_IRQHandler                          0x08000303   Thumb Code     0  startup_stm32f407xx.o(.text)
    TIM5_IRQHandler                          0x08000303   Thumb Code     0  startup_stm32f407xx.o(.text)
    TIM6_DAC_IRQHandler                      0x08000303   Thumb Code     0  startup_stm32f407xx.o(.text)
    TIM7_IRQHandler                          0x08000303   Thumb Code     0  startup_stm32f407xx.o(.text)
    TIM8_BRK_TIM12_IRQHandler                0x08000303   Thumb Code     0  startup_stm32f407xx.o(.text)
    TIM8_CC_IRQHandler                       0x08000303   Thumb Code     0  startup_stm32f407xx.o(.text)
    TIM8_UP_TIM13_IRQHandler                 0x08000303   Thumb Code     0  startup_stm32f407xx.o(.text)
    UART4_IRQHandler                         0x08000303   Thumb Code     0  startup_stm32f407xx.o(.text)
    UART5_IRQHandler                         0x08000303   Thumb Code     0  startup_stm32f407xx.o(.text)
    USART1_IRQHandler                        0x08000303   Thumb Code     0  startup_stm32f407xx.o(.text)
    USART2_IRQHandler                        0x08000303   Thumb Code     0  startup_stm32f407xx.o(.text)
    WWDG_IRQHandler                          0x08000303   Thumb Code     0  startup_stm32f407xx.o(.text)
    __user_initial_stackheap                 0x08000305   Thumb Code     0  startup_stm32f407xx.o(.text)
    __aeabi_uldivmod                         0x08000329   Thumb Code     0  lludivv7m.o(.text)
    _ll_udiv                                 0x08000329   Thumb Code   238  lludivv7m.o(.text)
    strlen                                   0x08000417   Thumb Code    62  strlen.o(.text)
    __aeabi_memcpy                           0x08000455   Thumb Code     0  rt_memcpy_v6.o(.text)
    __rt_memcpy                              0x08000455   Thumb Code   138  rt_memcpy_v6.o(.text)
    _memcpy_lastbytes                        0x080004bb   Thumb Code     0  rt_memcpy_v6.o(.text)
    __aeabi_memset                           0x080004df   Thumb Code    16  aeabi_memset.o(.text)
    __aeabi_memclr4                          0x080004ef   Thumb Code     0  rt_memclr_w.o(.text)
    __aeabi_memclr8                          0x080004ef   Thumb Code     0  rt_memclr_w.o(.text)
    __rt_memclr_w                            0x080004ef   Thumb Code    78  rt_memclr_w.o(.text)
    _memset_w                                0x080004f3   Thumb Code     0  rt_memclr_w.o(.text)
    __use_two_region_memory                  0x0800053d   Thumb Code     2  heapauxi.o(.text)
    __rt_heap_escrow$2region                 0x0800053f   Thumb Code     2  heapauxi.o(.text)
    __rt_heap_expand$2region                 0x08000541   Thumb Code     2  heapauxi.o(.text)
    __aeabi_memcpy4                          0x08000543   Thumb Code     0  rt_memcpy_w.o(.text)
    __aeabi_memcpy8                          0x08000543   Thumb Code     0  rt_memcpy_w.o(.text)
    __rt_memcpy_w                            0x08000543   Thumb Code   100  rt_memcpy_w.o(.text)
    _memcpy_lastbytes_aligned                0x0800058b   Thumb Code     0  rt_memcpy_w.o(.text)
    __aeabi_memclr                           0x080005a7   Thumb Code     0  rt_memclr.o(.text)
    __rt_memclr                              0x080005a7   Thumb Code    68  rt_memclr.o(.text)
    _memset                                  0x080005ab   Thumb Code     0  rt_memclr.o(.text)
    __user_setup_stackheap                   0x080005eb   Thumb Code    74  sys_stackheap_outer.o(.text)
    exit                                     0x08000635   Thumb Code    18  exit.o(.text)
    __user_libspace                          0x08000649   Thumb Code     8  libspace.o(.text)
    __user_perproc_libspace                  0x08000649   Thumb Code     0  libspace.o(.text)
    __user_perthread_libspace                0x08000649   Thumb Code     0  libspace.o(.text)
    _sys_exit                                0x08000651   Thumb Code     8  sys_exit.o(.text)
    __I$use$semihosting                      0x0800065d   Thumb Code     0  use_no_semi.o(.text)
    __use_no_semihosting_swi                 0x0800065d   Thumb Code     2  use_no_semi.o(.text)
    BusFault_Handler                         0x0800065f   Thumb Code     2  stm32f4xx_it.o(i.BusFault_Handler)
    __semihosting_library_function           0x0800065f   Thumb Code     0  indicate_semi.o(.text)
    Callback01                               0x08000661   Thumb Code     2  freertos.o(i.Callback01)
    Callback02                               0x08000663   Thumb Code     2  freertos.o(i.Callback02)
    DMA2_Stream1_IRQHandler                  0x08000665   Thumb Code     6  stm32f4xx_it.o(i.DMA2_Stream1_IRQHandler)
    DMA2_Stream3_IRQHandler                  0x08000671   Thumb Code     6  stm32f4xx_it.o(i.DMA2_Stream3_IRQHandler)
    DMA2_Stream6_IRQHandler                  0x0800067d   Thumb Code     6  stm32f4xx_it.o(i.DMA2_Stream6_IRQHandler)
    DebugMon_Handler                         0x0800072d   Thumb Code     2  stm32f4xx_it.o(i.DebugMon_Handler)
    Display_ButtonUp                         0x08000731   Thumb Code   126  test.o(i.Display_ButtonUp)
    Error_Handler                            0x080007b5   Thumb Code     4  main.o(i.Error_Handler)
    GUI_DrawFont16                           0x080007b9   Thumb Code   222  gui.o(i.GUI_DrawFont16)
    GUI_DrawFont24                           0x080008a5   Thumb Code   226  gui.o(i.GUI_DrawFont24)
    GUI_DrawFont32                           0x08000995   Thumb Code   222  gui.o(i.GUI_DrawFont32)
    Gui_StrCenter                            0x08000a81   Thumb Code    62  gui.o(i.Gui_StrCenter)
    HAL_CRC_Init                             0x08000ac5   Thumb Code    34  stm32f4xx_hal_crc.o(i.HAL_CRC_Init)
    HAL_CRC_MspInit                          0x08000ae9   Thumb Code    30  crc.o(i.HAL_CRC_MspInit)
    HAL_DMA_Abort                            0x08000b11   Thumb Code   146  stm32f4xx_hal_dma.o(i.HAL_DMA_Abort)
    HAL_DMA_Abort_IT                         0x08000ba3   Thumb Code    36  stm32f4xx_hal_dma.o(i.HAL_DMA_Abort_IT)
    HAL_DMA_IRQHandler                       0x08000bc9   Thumb Code   412  stm32f4xx_hal_dma.o(i.HAL_DMA_IRQHandler)
    HAL_DMA_Init                             0x08000d69   Thumb Code   206  stm32f4xx_hal_dma.o(i.HAL_DMA_Init)
    HAL_DMA_Start_IT                         0x08000e3d   Thumb Code   110  stm32f4xx_hal_dma.o(i.HAL_DMA_Start_IT)
    HAL_Delay                                0x08000ead   Thumb Code    32  stm32f4xx_hal.o(i.HAL_Delay)
    HAL_GPIO_Init                            0x08000ed1   Thumb Code   450  stm32f4xx_hal_gpio.o(i.HAL_GPIO_Init)
    HAL_GPIO_WritePin                        0x080010c1   Thumb Code    10  stm32f4xx_hal_gpio.o(i.HAL_GPIO_WritePin)
    HAL_GetTick                              0x080010cd   Thumb Code     6  stm32f4xx_hal.o(i.HAL_GetTick)
    HAL_IncTick                              0x080010d9   Thumb Code    12  stm32f4xx_hal.o(i.HAL_IncTick)
    HAL_Init                                 0x080010e9   Thumb Code    48  stm32f4xx_hal.o(i.HAL_Init)
    HAL_InitTick                             0x0800111d   Thumb Code   132  stm32f4xx_hal_timebase_tim.o(i.HAL_InitTick)
    HAL_MspInit                              0x080011b5   Thumb Code    52  stm32f4xx_hal_msp.o(i.HAL_MspInit)
    HAL_NVIC_EnableIRQ                       0x080011ed   Thumb Code    26  stm32f4xx_hal_cortex.o(i.HAL_NVIC_EnableIRQ)
    HAL_NVIC_SetPriority                     0x08001209   Thumb Code    60  stm32f4xx_hal_cortex.o(i.HAL_NVIC_SetPriority)
    HAL_NVIC_SetPriorityGrouping             0x08001249   Thumb Code    26  stm32f4xx_hal_cortex.o(i.HAL_NVIC_SetPriorityGrouping)
    HAL_RCC_ClockConfig                      0x0800126d   Thumb Code   288  stm32f4xx_hal_rcc.o(i.HAL_RCC_ClockConfig)
    HAL_RCC_GetClockConfig                   0x080013a1   Thumb Code    54  stm32f4xx_hal_rcc.o(i.HAL_RCC_GetClockConfig)
    HAL_RCC_GetPCLK1Freq                     0x080013e1   Thumb Code    20  stm32f4xx_hal_rcc.o(i.HAL_RCC_GetPCLK1Freq)
    HAL_RCC_GetPCLK2Freq                     0x08001401   Thumb Code    20  stm32f4xx_hal_rcc.o(i.HAL_RCC_GetPCLK2Freq)
    HAL_RCC_GetSysClockFreq                  0x08001421   Thumb Code    88  stm32f4xx_hal_rcc.o(i.HAL_RCC_GetSysClockFreq)
    HAL_RCC_OscConfig                        0x08001485   Thumb Code   856  stm32f4xx_hal_rcc.o(i.HAL_RCC_OscConfig)
    HAL_SPI_ErrorCallback                    0x080017f1   Thumb Code     2  stm32f4xx_hal_spi.o(i.HAL_SPI_ErrorCallback)
    HAL_SPI_IRQHandler                       0x080017f5   Thumb Code   246  stm32f4xx_hal_spi.o(i.HAL_SPI_IRQHandler)
    HAL_SPI_Init                             0x080018f1   Thumb Code   188  stm32f4xx_hal_spi.o(i.HAL_SPI_Init)
    HAL_SPI_MspInit                          0x080019ad   Thumb Code   194  spi.o(i.HAL_SPI_MspInit)
    HAL_SPI_Transmit_DMA                     0x08001a89   Thumb Code   192  stm32f4xx_hal_spi.o(i.HAL_SPI_Transmit_DMA)
    HAL_SPI_TxCpltCallback                   0x08001b55   Thumb Code    20  lcd.o(i.HAL_SPI_TxCpltCallback)
    HAL_SPI_TxHalfCpltCallback               0x08001b71   Thumb Code     2  stm32f4xx_hal_spi.o(i.HAL_SPI_TxHalfCpltCallback)
    HAL_TIMEx_BreakCallback                  0x08001b73   Thumb Code     2  stm32f4xx_hal_tim_ex.o(i.HAL_TIMEx_BreakCallback)
    HAL_TIMEx_CommutCallback                 0x08001b75   Thumb Code     2  stm32f4xx_hal_tim_ex.o(i.HAL_TIMEx_CommutCallback)
    HAL_TIM_Base_Init                        0x08001b77   Thumb Code    90  stm32f4xx_hal_tim.o(i.HAL_TIM_Base_Init)
    HAL_TIM_Base_MspInit                     0x08001bd1   Thumb Code     2  stm32f4xx_hal_tim.o(i.HAL_TIM_Base_MspInit)
    HAL_TIM_Base_Start_IT                    0x08001bd5   Thumb Code   100  stm32f4xx_hal_tim.o(i.HAL_TIM_Base_Start_IT)
    HAL_TIM_IC_CaptureCallback               0x08001c55   Thumb Code     2  stm32f4xx_hal_tim.o(i.HAL_TIM_IC_CaptureCallback)
    HAL_TIM_IRQHandler                       0x08001c57   Thumb Code   304  stm32f4xx_hal_tim.o(i.HAL_TIM_IRQHandler)
    HAL_TIM_OC_DelayElapsedCallback          0x08001d87   Thumb Code     2  stm32f4xx_hal_tim.o(i.HAL_TIM_OC_DelayElapsedCallback)
    HAL_TIM_PWM_PulseFinishedCallback        0x08001d89   Thumb Code     2  stm32f4xx_hal_tim.o(i.HAL_TIM_PWM_PulseFinishedCallback)
    HAL_TIM_PeriodElapsedCallback            0x08001d8d   Thumb Code    14  main.o(i.HAL_TIM_PeriodElapsedCallback)
    HAL_TIM_TriggerCallback                  0x08001da1   Thumb Code     2  stm32f4xx_hal_tim.o(i.HAL_TIM_TriggerCallback)
    HAL_UARTEx_RxEventCallback               0x08001da3   Thumb Code     2  stm32f4xx_hal_uart.o(i.HAL_UARTEx_RxEventCallback)
    HAL_UART_ErrorCallback                   0x08001da5   Thumb Code     2  stm32f4xx_hal_uart.o(i.HAL_UART_ErrorCallback)
    HAL_UART_IRQHandler                      0x08001da9   Thumb Code   618  stm32f4xx_hal_uart.o(i.HAL_UART_IRQHandler)
    HAL_UART_Init                            0x08002019   Thumb Code   100  stm32f4xx_hal_uart.o(i.HAL_UART_Init)
    HAL_UART_MspInit                         0x0800207d   Thumb Code   282  usart.o(i.HAL_UART_MspInit)
    HAL_UART_RxCpltCallback                  0x080021b5   Thumb Code     2  stm32f4xx_hal_uart.o(i.HAL_UART_RxCpltCallback)
    HAL_UART_TxCpltCallback                  0x080021b7   Thumb Code     2  stm32f4xx_hal_uart.o(i.HAL_UART_TxCpltCallback)
    HardFault_Handler                        0x080021b9   Thumb Code     2  stm32f4xx_it.o(i.HardFault_Handler)
    LCD_Clear                                0x080021bd   Thumb Code    86  lcd.o(i.LCD_Clear)
    LCD_DrawLine                             0x0800221d   Thumb Code   154  gui.o(i.LCD_DrawLine)
    LCD_DrawPoint                            0x080022b9   Thumb Code    18  lcd.o(i.LCD_DrawPoint)
    LCD_Init                                 0x080022d1   Thumb Code   582  lcd.o(i.LCD_Init)
    LCD_RESET                                0x0800251d   Thumb Code    44  lcd.o(i.LCD_RESET)
    LCD_SetCursor                            0x0800254d   Thumb Code     8  lcd.o(i.LCD_SetCursor)
    LCD_SetWindows                           0x08002555   Thumb Code   100  lcd.o(i.LCD_SetWindows)
    LCD_ShowChar                             0x080025bd   Thumb Code   246  gui.o(i.LCD_ShowChar)
    LCD_WR_DATA                              0x080026c5   Thumb Code    38  lcd.o(i.LCD_WR_DATA)
    LCD_WR_REG                               0x080026f5   Thumb Code    40  lcd.o(i.LCD_WR_REG)
    LCD_WriteRAM_Prepare                     0x08002725   Thumb Code     8  lcd.o(i.LCD_WriteRAM_Prepare)
    LCD_WriteReg                             0x08002731   Thumb Code    18  lcd.o(i.LCD_WriteReg)
    LCD_direction                            0x08002745   Thumb Code    96  lcd.o(i.LCD_direction)
    Lcd_WriteData_16Bit                      0x080027a9   Thumb Code    50  lcd.o(i.Lcd_WriteData_16Bit)
    MX_CRC_Init                              0x080027e5   Thumb Code    28  crc.o(i.MX_CRC_Init)
    MX_DMA_Init                              0x08002809   Thumb Code    72  dma.o(i.MX_DMA_Init)
    MX_FREERTOS_Init                         0x08002855   Thumb Code    78  freertos.o(i.MX_FREERTOS_Init)
    MX_GPIO_Init                             0x080028c1   Thumb Code   118  gpio.o(i.MX_GPIO_Init)
    MX_SPI1_Init                             0x08002941   Thumb Code    60  spi.o(i.MX_SPI1_Init)
    MX_USART3_UART_Init                      0x08002985   Thumb Code    48  usart.o(i.MX_USART3_UART_Init)
    MX_USART6_UART_Init                      0x080029bd   Thumb Code    48  usart.o(i.MX_USART6_UART_Init)
    MemManage_Handler                        0x080029f5   Thumb Code     2  stm32f4xx_it.o(i.MemManage_Handler)
    NMI_Handler                              0x080029f7   Thumb Code     2  stm32f4xx_it.o(i.NMI_Handler)
    SPI1_IRQHandler                          0x080029f9   Thumb Code     6  stm32f4xx_it.o(i.SPI1_IRQHandler)
    Show_Str                                 0x08002bc9   Thumb Code   200  gui.o(i.Show_Str)
    StartDefaultTask                         0x08002c95   Thumb Code    70  freertos.o(i.StartDefaultTask)
    StartTask02                              0x08002cdb   Thumb Code     8  freertos.o(i.StartTask02)
    StartTask03                              0x08002ce3   Thumb Code     8  freertos.o(i.StartTask03)
    SysTick_Handler                          0x08002ceb   Thumb Code    26  cmsis_os2.o(i.SysTick_Handler)
    SystemClock_Config                       0x08002d05   Thumb Code   140  main.o(i.SystemClock_Config)
    SystemInit                               0x08002d99   Thumb Code    12  system_stm32f4xx.o(i.SystemInit)
    TIM8_TRG_COM_TIM14_IRQHandler            0x08002da9   Thumb Code     6  stm32f4xx_it.o(i.TIM8_TRG_COM_TIM14_IRQHandler)
    TIM_Base_SetConfig                       0x08002db5   Thumb Code   170  stm32f4xx_hal_tim.o(i.TIM_Base_SetConfig)
    USART3_IRQHandler                        0x080030d1   Thumb Code     6  stm32f4xx_it.o(i.USART3_IRQHandler)
    USART6_IRQHandler                        0x080030dd   Thumb Code     6  stm32f4xx_it.o(i.USART6_IRQHandler)
    UsageFault_Handler                       0x080030e9   Thumb Code     2  stm32f4xx_it.o(i.UsageFault_Handler)
    main                                     0x0800310b   Thumb Code    46  main.o(i.main)
    menu_test                                0x08003139   Thumb Code   168  test.o(i.menu_test)
    osDelay                                  0x08003221   Thumb Code    26  cmsis_os2.o(i.osDelay)
    osKernelInitialize                       0x0800323d   Thumb Code    32  cmsis_os2.o(i.osKernelInitialize)
    osKernelStart                            0x08003261   Thumb Code    48  cmsis_os2.o(i.osKernelStart)
    osThreadNew                              0x08003299   Thumb Code   138  cmsis_os2.o(i.osThreadNew)
    osTimerNew                               0x08003325   Thumb Code   116  cmsis_os2.o(i.osTimerNew)
    pvPortMalloc                             0x08003b81   Thumb Code   216  heap_4.o(i.pvPortMalloc)
    pvTimerGetTimerID                        0x08003c5d   Thumb Code    36  timers.o(i.pvTimerGetTimerID)
    pxPortInitialiseStack                    0x08003c81   Thumb Code    40  port.o(i.pxPortInitialiseStack)
    uxListRemove                             0x08003cad   Thumb Code    38  list.o(i.uxListRemove)
    vApplicationGetIdleTaskMemory            0x08003cd5   Thumb Code    16  cmsis_os2.o(i.vApplicationGetIdleTaskMemory)
    vApplicationGetTimerTaskMemory           0x08003ce9   Thumb Code    18  cmsis_os2.o(i.vApplicationGetTimerTaskMemory)
    vListInitialise                          0x08003d01   Thumb Code    22  list.o(i.vListInitialise)
    vListInitialiseItem                      0x08003d17   Thumb Code     6  list.o(i.vListInitialiseItem)
    vListInsert                              0x08003d1d   Thumb Code    48  list.o(i.vListInsert)
    vListInsertEnd                           0x08003d4d   Thumb Code    24  list.o(i.vListInsertEnd)
    vPortEnterCritical                       0x08003d65   Thumb Code    54  port.o(i.vPortEnterCritical)
    vPortExitCritical                        0x08003da5   Thumb Code    34  port.o(i.vPortExitCritical)
    vPortFree                                0x08003dcd   Thumb Code    94  heap_4.o(i.vPortFree)
    vPortSetupTimerInterrupt                 0x08003e31   Thumb Code    32  port.o(i.vPortSetupTimerInterrupt)
    vPortValidateInterruptPriority           0x08003e55   Thumb Code    74  port.o(i.vPortValidateInterruptPriority)
    vQueueAddToRegistry                      0x08003ea9   Thumb Code    34  queue.o(i.vQueueAddToRegistry)
    vQueueWaitForMessageRestricted           0x08003ed1   Thumb Code    68  queue.o(i.vQueueWaitForMessageRestricted)
    vTaskDelay                               0x08003f15   Thumb Code    66  tasks.o(i.vTaskDelay)
    vTaskInternalSetTimeOutState             0x08003f61   Thumb Code    12  tasks.o(i.vTaskInternalSetTimeOutState)
    vTaskMissedYield                         0x08003f71   Thumb Code     8  tasks.o(i.vTaskMissedYield)
    vTaskPlaceOnEventList                    0x08003f7d   Thumb Code    44  tasks.o(i.vTaskPlaceOnEventList)
    vTaskPlaceOnEventListRestricted          0x08003fad   Thumb Code    52  tasks.o(i.vTaskPlaceOnEventListRestricted)
    vTaskStartScheduler                      0x08003fe5   Thumb Code   118  tasks.o(i.vTaskStartScheduler)
    vTaskSuspendAll                          0x0800406d   Thumb Code    10  tasks.o(i.vTaskSuspendAll)
    vTaskSwitchContext                       0x0800407d   Thumb Code    90  tasks.o(i.vTaskSwitchContext)
    xPortStartScheduler                      0x080040e1   Thumb Code   222  port.o(i.xPortStartScheduler)
    xPortSysTickHandler                      0x080041d5   Thumb Code    38  port.o(i.xPortSysTickHandler)
    xQueueGenericCreateStatic                0x08004201   Thumb Code   102  queue.o(i.xQueueGenericCreateStatic)
    xQueueGenericReset                       0x08004269   Thumb Code   132  queue.o(i.xQueueGenericReset)
    xQueueGenericSend                        0x080042f1   Thumb Code   346  queue.o(i.xQueueGenericSend)
    xQueueGenericSendFromISR                 0x08004451   Thumb Code   190  queue.o(i.xQueueGenericSendFromISR)
    xQueueReceive                            0x08004511   Thumb Code   308  queue.o(i.xQueueReceive)
    xTaskCheckForTimeOut                     0x08004649   Thumb Code   112  tasks.o(i.xTaskCheckForTimeOut)
    xTaskCreate                              0x080046bd   Thumb Code    90  tasks.o(i.xTaskCreate)
    xTaskCreateStatic                        0x08004717   Thumb Code    86  tasks.o(i.xTaskCreateStatic)
    xTaskGetSchedulerState                   0x0800476d   Thumb Code    22  tasks.o(i.xTaskGetSchedulerState)
    xTaskGetTickCount                        0x08004789   Thumb Code     6  tasks.o(i.xTaskGetTickCount)
    xTaskIncrementTick                       0x08004795   Thumb Code   192  tasks.o(i.xTaskIncrementTick)
    xTaskPriorityDisinherit                  0x0800485d   Thumb Code   118  tasks.o(i.xTaskPriorityDisinherit)
    xTaskRemoveFromEventList                 0x080048dd   Thumb Code    98  tasks.o(i.xTaskRemoveFromEventList)
    xTaskResumeAll                           0x0800494d   Thumb Code   182  tasks.o(i.xTaskResumeAll)
    xTimerCreate                             0x08004a11   Thumb Code    52  timers.o(i.xTimerCreate)
    xTimerCreateStatic                       0x08004a45   Thumb Code    46  timers.o(i.xTimerCreateStatic)
    xTimerCreateTimerTask                    0x08004a75   Thumb Code    78  timers.o(i.xTimerCreateTimerTask)
    xTimerGenericCommand                     0x08004ad5   Thumb Code    98  timers.o(i.xTimerGenericCommand)
    _fp_init                                 0x08004b3d   Thumb Code    10  fpinit.o(x$fpl$fpinit)
    __fplib_config_fpu_vfp                   0x08004b45   Thumb Code     0  fpinit.o(x$fpl$fpinit)
    __fplib_config_pureend_doubles           0x08004b45   Thumb Code     0  fpinit.o(x$fpl$fpinit)
    defaultTask_attributes                   0x08004b48   Data          36  freertos.o(.constdata)
    myTask02_attributes                      0x08004b6c   Data          36  freertos.o(.constdata)
    myTask03_attributes                      0x08004b90   Data          36  freertos.o(.constdata)
    myTimer01_attributes                     0x08004bb4   Data          16  freertos.o(.constdata)
    myTimer02_attributes                     0x08004bc4   Data          16  freertos.o(.constdata)
    AHBPrescTable                            0x08004bdc   Data          16  system_stm32f4xx.o(.constdata)
    APBPrescTable                            0x08004bec   Data           8  system_stm32f4xx.o(.constdata)
    asc2_1206                                0x08004bf4   Data        1140  gui.o(.constdata)
    asc2_1608                                0x08005068   Data        1520  gui.o(.constdata)
    tfont16                                  0x08005658   Data        2108  gui.o(.constdata)
    tfont24                                  0x08005e94   Data         518  gui.o(.constdata)
    tfont32                                  0x0800609a   Data         520  gui.o(.constdata)
    Region$$Table$$Base                      0x080062e0   Number         0  anon$$obj.o(Region$$Table)
    Region$$Table$$Limit                     0x08006300   Number         0  anon$$obj.o(Region$$Table)
    defaultTaskHandle                        0x20000000   Data           4  freertos.o(.data)
    myTask02Handle                           0x20000004   Data           4  freertos.o(.data)
    myTask03Handle                           0x20000008   Data           4  freertos.o(.data)
    myTimer01Handle                          0x2000000c   Data           4  freertos.o(.data)
    myTimer02Handle                          0x20000010   Data           4  freertos.o(.data)
    hcrc                                     0x20000014   Data           8  crc.o(.data)
    uwTickFreq                               0x2000001c   Data           1  stm32f4xx_hal.o(.data)
    uwTickPrio                               0x20000020   Data           4  stm32f4xx_hal.o(.data)
    uwTick                                   0x20000024   Data           4  stm32f4xx_hal.o(.data)
    SystemCoreClock                          0x20000028   Data           4  system_stm32f4xx.o(.data)
    pxCurrentTCB                             0x2000002c   Data           4  tasks.o(.data)
    POINT_COLOR                              0x200000ac   Data           2  lcd.o(.data)
    defaultTaskBuffer                        0x200000b0   Data       12000  freertos.o(.bss)
    defaultTaskControlBlock                  0x20002f90   Data          92  freertos.o(.bss)
    myTask02Buffer                           0x20002fec   Data       12000  freertos.o(.bss)
    myTask02ControlBlock                     0x20005ecc   Data          92  freertos.o(.bss)
    myTask03Buffer                           0x20005f28   Data       12000  freertos.o(.bss)
    myTask03ControlBlock                     0x20008e08   Data          92  freertos.o(.bss)
    myTimer01ControlBlock                    0x20008e64   Data          44  freertos.o(.bss)
    myTimer02ControlBlock                    0x20008e90   Data          44  freertos.o(.bss)
    hspi1                                    0x20008ebc   Data          88  spi.o(.bss)
    hdma_spi1_tx                             0x20008f14   Data          96  spi.o(.bss)
    huart3                                   0x20008f74   Data          72  usart.o(.bss)
    huart6                                   0x20008fbc   Data          72  usart.o(.bss)
    hdma_usart6_tx                           0x20009004   Data          96  usart.o(.bss)
    hdma_usart6_rx                           0x20009064   Data          96  usart.o(.bss)
    htim14                                   0x200090c4   Data          72  stm32f4xx_hal_timebase_tim.o(.bss)
    xQueueRegistry                           0x2000910c   Data          64  queue.o(.bss)
    lcddev                                   0x2000d9e0   Data          16  lcd.o(.bss)
    __libspace_start                         0x2000d9f0   Data          96  libspace.o(.bss)
    __temporary_stack_top$libspace           0x2000da50   Data           0  libspace.o(.bss)



==============================================================================

Memory Map of the image

  Image Entry point : 0x08000189

  Load Region LR_IROM1 (Base: 0x08000000, Size: 0x000063b0, Max: 0x00080000, ABSOLUTE)

    Execution Region ER_IROM1 (Exec base: 0x08000000, Load base: 0x08000000, Size: 0x00006300, Max: 0x00080000, ABSOLUTE)

    Exec Addr    Load Addr    Size         Type   Attr      Idx    E Section Name        Object

    0x08000000   0x08000000   0x00000188   Data   RO            3    RESET               startup_stm32f407xx.o
    0x08000188   0x08000188   0x00000008   Code   RO         5655  * !!!main             c_w.l(__main.o)
    0x08000190   0x08000190   0x00000034   Code   RO         5828    !!!scatter          c_w.l(__scatter.o)
    0x080001c4   0x080001c4   0x0000001a   Code   RO         5830    !!handler_copy      c_w.l(__scatter_copy.o)
    0x080001de   0x080001de   0x00000002   PAD
    0x080001e0   0x080001e0   0x0000001c   Code   RO         5832    !!handler_zi        c_w.l(__scatter_zi.o)
    0x080001fc   0x080001fc   0x00000002   Code   RO         5696    .ARM.Collect$$libinit$$00000000  c_w.l(libinit.o)
    0x080001fe   0x080001fe   0x00000004   Code   RO         5708    .ARM.Collect$$libinit$$00000001  c_w.l(libinit2.o)
    0x08000202   0x08000202   0x00000000   Code   RO         5711    .ARM.Collect$$libinit$$00000004  c_w.l(libinit2.o)
    0x08000202   0x08000202   0x00000000   Code   RO         5714    .ARM.Collect$$libinit$$0000000A  c_w.l(libinit2.o)
    0x08000202   0x08000202   0x00000000   Code   RO         5716    .ARM.Collect$$libinit$$0000000C  c_w.l(libinit2.o)
    0x08000202   0x08000202   0x00000000   Code   RO         5718    .ARM.Collect$$libinit$$0000000E  c_w.l(libinit2.o)
    0x08000202   0x08000202   0x00000000   Code   RO         5721    .ARM.Collect$$libinit$$00000011  c_w.l(libinit2.o)
    0x08000202   0x08000202   0x00000000   Code   RO         5723    .ARM.Collect$$libinit$$00000013  c_w.l(libinit2.o)
    0x08000202   0x08000202   0x00000000   Code   RO         5725    .ARM.Collect$$libinit$$00000015  c_w.l(libinit2.o)
    0x08000202   0x08000202   0x00000000   Code   RO         5727    .ARM.Collect$$libinit$$00000017  c_w.l(libinit2.o)
    0x08000202   0x08000202   0x00000000   Code   RO         5729    .ARM.Collect$$libinit$$00000019  c_w.l(libinit2.o)
    0x08000202   0x08000202   0x00000000   Code   RO         5731    .ARM.Collect$$libinit$$0000001B  c_w.l(libinit2.o)
    0x08000202   0x08000202   0x00000000   Code   RO         5733    .ARM.Collect$$libinit$$0000001D  c_w.l(libinit2.o)
    0x08000202   0x08000202   0x00000000   Code   RO         5735    .ARM.Collect$$libinit$$0000001F  c_w.l(libinit2.o)
    0x08000202   0x08000202   0x00000000   Code   RO         5737    .ARM.Collect$$libinit$$00000021  c_w.l(libinit2.o)
    0x08000202   0x08000202   0x00000000   Code   RO         5739    .ARM.Collect$$libinit$$00000023  c_w.l(libinit2.o)
    0x08000202   0x08000202   0x00000000   Code   RO         5741    .ARM.Collect$$libinit$$00000025  c_w.l(libinit2.o)
    0x08000202   0x08000202   0x00000000   Code   RO         5745    .ARM.Collect$$libinit$$0000002C  c_w.l(libinit2.o)
    0x08000202   0x08000202   0x00000000   Code   RO         5747    .ARM.Collect$$libinit$$0000002E  c_w.l(libinit2.o)
    0x08000202   0x08000202   0x00000000   Code   RO         5749    .ARM.Collect$$libinit$$00000030  c_w.l(libinit2.o)
    0x08000202   0x08000202   0x00000000   Code   RO         5751    .ARM.Collect$$libinit$$00000032  c_w.l(libinit2.o)
    0x08000202   0x08000202   0x00000002   Code   RO         5752    .ARM.Collect$$libinit$$00000033  c_w.l(libinit2.o)
    0x08000204   0x08000204   0x00000002   Code   RO         5783    .ARM.Collect$$libshutdown$$00000000  c_w.l(libshutdown.o)
    0x08000206   0x08000206   0x00000000   Code   RO         5809    .ARM.Collect$$libshutdown$$00000002  c_w.l(libshutdown2.o)
    0x08000206   0x08000206   0x00000000   Code   RO         5811    .ARM.Collect$$libshutdown$$00000004  c_w.l(libshutdown2.o)
    0x08000206   0x08000206   0x00000000   Code   RO         5813    .ARM.Collect$$libshutdown$$00000006  c_w.l(libshutdown2.o)
    0x08000206   0x08000206   0x00000000   Code   RO         5816    .ARM.Collect$$libshutdown$$00000009  c_w.l(libshutdown2.o)
    0x08000206   0x08000206   0x00000000   Code   RO         5819    .ARM.Collect$$libshutdown$$0000000C  c_w.l(libshutdown2.o)
    0x08000206   0x08000206   0x00000000   Code   RO         5821    .ARM.Collect$$libshutdown$$0000000E  c_w.l(libshutdown2.o)
    0x08000206   0x08000206   0x00000000   Code   RO         5824    .ARM.Collect$$libshutdown$$00000011  c_w.l(libshutdown2.o)
    0x08000206   0x08000206   0x00000002   Code   RO         5825    .ARM.Collect$$libshutdown$$00000012  c_w.l(libshutdown2.o)
    0x08000208   0x08000208   0x00000000   Code   RO         5657    .ARM.Collect$$rtentry$$00000000  c_w.l(__rtentry.o)
    0x08000208   0x08000208   0x00000000   Code   RO         5667    .ARM.Collect$$rtentry$$00000002  c_w.l(__rtentry2.o)
    0x08000208   0x08000208   0x00000006   Code   RO         5679    .ARM.Collect$$rtentry$$00000004  c_w.l(__rtentry4.o)
    0x0800020e   0x0800020e   0x00000000   Code   RO         5669    .ARM.Collect$$rtentry$$00000009  c_w.l(__rtentry2.o)
    0x0800020e   0x0800020e   0x00000004   Code   RO         5670    .ARM.Collect$$rtentry$$0000000A  c_w.l(__rtentry2.o)
    0x08000212   0x08000212   0x00000000   Code   RO         5672    .ARM.Collect$$rtentry$$0000000C  c_w.l(__rtentry2.o)
    0x08000212   0x08000212   0x00000008   Code   RO         5673    .ARM.Collect$$rtentry$$0000000D  c_w.l(__rtentry2.o)
    0x0800021a   0x0800021a   0x00000002   Code   RO         5700    .ARM.Collect$$rtexit$$00000000  c_w.l(rtexit.o)
    0x0800021c   0x0800021c   0x00000000   Code   RO         5756    .ARM.Collect$$rtexit$$00000002  c_w.l(rtexit2.o)
    0x0800021c   0x0800021c   0x00000004   Code   RO         5757    .ARM.Collect$$rtexit$$00000003  c_w.l(rtexit2.o)
    0x08000220   0x08000220   0x00000006   Code   RO         5758    .ARM.Collect$$rtexit$$00000004  c_w.l(rtexit2.o)
    0x08000226   0x08000226   0x00000002   PAD
    0x08000228   0x08000228   0x000000be   Code   RO         5209    .emb_text           port.o
    0x080002e6   0x080002e6   0x00000002   PAD
    0x080002e8   0x080002e8   0x00000040   Code   RO            4    .text               startup_stm32f407xx.o
    0x08000328   0x08000328   0x000000ee   Code   RO         5641    .text               c_w.l(lludivv7m.o)
    0x08000416   0x08000416   0x0000003e   Code   RO         5643    .text               c_w.l(strlen.o)
    0x08000454   0x08000454   0x0000008a   Code   RO         5645    .text               c_w.l(rt_memcpy_v6.o)
    0x080004de   0x080004de   0x00000010   Code   RO         5649    .text               c_w.l(aeabi_memset.o)
    0x080004ee   0x080004ee   0x0000004e   Code   RO         5651    .text               c_w.l(rt_memclr_w.o)
    0x0800053c   0x0800053c   0x00000006   Code   RO         5653    .text               c_w.l(heapauxi.o)
    0x08000542   0x08000542   0x00000064   Code   RO         5662    .text               c_w.l(rt_memcpy_w.o)
    0x080005a6   0x080005a6   0x00000044   Code   RO         5664    .text               c_w.l(rt_memclr.o)
    0x080005ea   0x080005ea   0x0000004a   Code   RO         5683    .text               c_w.l(sys_stackheap_outer.o)
    0x08000634   0x08000634   0x00000012   Code   RO         5685    .text               c_w.l(exit.o)
    0x08000646   0x08000646   0x00000002   PAD
    0x08000648   0x08000648   0x00000008   Code   RO         5697    .text               c_w.l(libspace.o)
    0x08000650   0x08000650   0x0000000c   Code   RO         5753    .text               c_w.l(sys_exit.o)
    0x0800065c   0x0800065c   0x00000002   Code   RO         5772    .text               c_w.l(use_no_semi.o)
    0x0800065e   0x0800065e   0x00000000   Code   RO         5774    .text               c_w.l(indicate_semi.o)
    0x0800065e   0x0800065e   0x00000002   Code   RO          474    i.BusFault_Handler  stm32f4xx_it.o
    0x08000660   0x08000660   0x00000002   Code   RO          233    i.Callback01        freertos.o
    0x08000662   0x08000662   0x00000002   Code   RO          234    i.Callback02        freertos.o
    0x08000664   0x08000664   0x0000000c   Code   RO          475    i.DMA2_Stream1_IRQHandler  stm32f4xx_it.o
    0x08000670   0x08000670   0x0000000c   Code   RO          476    i.DMA2_Stream3_IRQHandler  stm32f4xx_it.o
    0x0800067c   0x0800067c   0x0000000c   Code   RO          477    i.DMA2_Stream6_IRQHandler  stm32f4xx_it.o
    0x08000688   0x08000688   0x00000028   Code   RO         1156    i.DMA_CalcBaseAndBitshift  stm32f4xx_hal_dma.o
    0x080006b0   0x080006b0   0x00000054   Code   RO         1157    i.DMA_CheckFifoParam  stm32f4xx_hal_dma.o
    0x08000704   0x08000704   0x00000028   Code   RO         1158    i.DMA_SetConfig     stm32f4xx_hal_dma.o
    0x0800072c   0x0800072c   0x00000002   Code   RO          478    i.DebugMon_Handler  stm32f4xx_it.o
    0x0800072e   0x0800072e   0x00000002   PAD
    0x08000730   0x08000730   0x00000084   Code   RO         5542    i.Display_ButtonUp  test.o
    0x080007b4   0x080007b4   0x00000004   Code   RO           13    i.Error_Handler     main.o
    0x080007b8   0x080007b8   0x000000ec   Code   RO         5396    i.GUI_DrawFont16    gui.o
    0x080008a4   0x080008a4   0x000000f0   Code   RO         5397    i.GUI_DrawFont24    gui.o
    0x08000994   0x08000994   0x000000ec   Code   RO         5398    i.GUI_DrawFont32    gui.o
    0x08000a80   0x08000a80   0x00000044   Code   RO         5401    i.Gui_StrCenter     gui.o
    0x08000ac4   0x08000ac4   0x00000022   Code   RO          641    i.HAL_CRC_Init      stm32f4xx_hal_crc.o
    0x08000ae6   0x08000ae6   0x00000002   PAD
    0x08000ae8   0x08000ae8   0x00000028   Code   RO          319    i.HAL_CRC_MspInit   crc.o
    0x08000b10   0x08000b10   0x00000092   Code   RO         1159    i.HAL_DMA_Abort     stm32f4xx_hal_dma.o
    0x08000ba2   0x08000ba2   0x00000024   Code   RO         1160    i.HAL_DMA_Abort_IT  stm32f4xx_hal_dma.o
    0x08000bc6   0x08000bc6   0x00000002   PAD
    0x08000bc8   0x08000bc8   0x000001a0   Code   RO         1164    i.HAL_DMA_IRQHandler  stm32f4xx_hal_dma.o
    0x08000d68   0x08000d68   0x000000d4   Code   RO         1165    i.HAL_DMA_Init      stm32f4xx_hal_dma.o
    0x08000e3c   0x08000e3c   0x0000006e   Code   RO         1169    i.HAL_DMA_Start_IT  stm32f4xx_hal_dma.o
    0x08000eaa   0x08000eaa   0x00000002   PAD
    0x08000eac   0x08000eac   0x00000024   Code   RO         1584    i.HAL_Delay         stm32f4xx_hal.o
    0x08000ed0   0x08000ed0   0x000001f0   Code   RO         1052    i.HAL_GPIO_Init     stm32f4xx_hal_gpio.o
    0x080010c0   0x080010c0   0x0000000a   Code   RO         1056    i.HAL_GPIO_WritePin  stm32f4xx_hal_gpio.o
    0x080010ca   0x080010ca   0x00000002   PAD
    0x080010cc   0x080010cc   0x0000000c   Code   RO         1590    i.HAL_GetTick       stm32f4xx_hal.o
    0x080010d8   0x080010d8   0x00000010   Code   RO         1596    i.HAL_IncTick       stm32f4xx_hal.o
    0x080010e8   0x080010e8   0x00000034   Code   RO         1597    i.HAL_Init          stm32f4xx_hal.o
    0x0800111c   0x0800111c   0x00000098   Code   RO          598    i.HAL_InitTick      stm32f4xx_hal_timebase_tim.o
    0x080011b4   0x080011b4   0x00000038   Code   RO          574    i.HAL_MspInit       stm32f4xx_hal_msp.o
    0x080011ec   0x080011ec   0x0000001a   Code   RO         1442    i.HAL_NVIC_EnableIRQ  stm32f4xx_hal_cortex.o
    0x08001206   0x08001206   0x00000002   PAD
    0x08001208   0x08001208   0x00000040   Code   RO         1448    i.HAL_NVIC_SetPriority  stm32f4xx_hal_cortex.o
    0x08001248   0x08001248   0x00000024   Code   RO         1449    i.HAL_NVIC_SetPriorityGrouping  stm32f4xx_hal_cortex.o
    0x0800126c   0x0800126c   0x00000134   Code   RO          698    i.HAL_RCC_ClockConfig  stm32f4xx_hal_rcc.o
    0x080013a0   0x080013a0   0x00000040   Code   RO          702    i.HAL_RCC_GetClockConfig  stm32f4xx_hal_rcc.o
    0x080013e0   0x080013e0   0x00000020   Code   RO          705    i.HAL_RCC_GetPCLK1Freq  stm32f4xx_hal_rcc.o
    0x08001400   0x08001400   0x00000020   Code   RO          706    i.HAL_RCC_GetPCLK2Freq  stm32f4xx_hal_rcc.o
    0x08001420   0x08001420   0x00000064   Code   RO          707    i.HAL_RCC_GetSysClockFreq  stm32f4xx_hal_rcc.o
    0x08001484   0x08001484   0x0000036c   Code   RO          710    i.HAL_RCC_OscConfig  stm32f4xx_hal_rcc.o
    0x080017f0   0x080017f0   0x00000002   Code   RO         1842    i.HAL_SPI_ErrorCallback  stm32f4xx_hal_spi.o
    0x080017f2   0x080017f2   0x00000002   PAD
    0x080017f4   0x080017f4   0x000000fc   Code   RO         1845    i.HAL_SPI_IRQHandler  stm32f4xx_hal_spi.o
    0x080018f0   0x080018f0   0x000000bc   Code   RO         1846    i.HAL_SPI_Init      stm32f4xx_hal_spi.o
    0x080019ac   0x080019ac   0x000000dc   Code   RO          385    i.HAL_SPI_MspInit   spi.o
    0x08001a88   0x08001a88   0x000000cc   Code   RO         1858    i.HAL_SPI_Transmit_DMA  stm32f4xx_hal_spi.o
    0x08001b54   0x08001b54   0x0000001c   Code   RO         5289    i.HAL_SPI_TxCpltCallback  lcd.o
    0x08001b70   0x08001b70   0x00000002   Code   RO         1861    i.HAL_SPI_TxHalfCpltCallback  stm32f4xx_hal_spi.o
    0x08001b72   0x08001b72   0x00000002   Code   RO         2863    i.HAL_TIMEx_BreakCallback  stm32f4xx_hal_tim_ex.o
    0x08001b74   0x08001b74   0x00000002   Code   RO         2864    i.HAL_TIMEx_CommutCallback  stm32f4xx_hal_tim_ex.o
    0x08001b76   0x08001b76   0x0000005a   Code   RO         2159    i.HAL_TIM_Base_Init  stm32f4xx_hal_tim.o
    0x08001bd0   0x08001bd0   0x00000002   Code   RO         2161    i.HAL_TIM_Base_MspInit  stm32f4xx_hal_tim.o
    0x08001bd2   0x08001bd2   0x00000002   PAD
    0x08001bd4   0x08001bd4   0x00000080   Code   RO         2164    i.HAL_TIM_Base_Start_IT  stm32f4xx_hal_tim.o
    0x08001c54   0x08001c54   0x00000002   Code   RO         2193    i.HAL_TIM_IC_CaptureCallback  stm32f4xx_hal_tim.o
    0x08001c56   0x08001c56   0x00000130   Code   RO         2207    i.HAL_TIM_IRQHandler  stm32f4xx_hal_tim.o
    0x08001d86   0x08001d86   0x00000002   Code   RO         2210    i.HAL_TIM_OC_DelayElapsedCallback  stm32f4xx_hal_tim.o
    0x08001d88   0x08001d88   0x00000002   Code   RO         2237    i.HAL_TIM_PWM_PulseFinishedCallback  stm32f4xx_hal_tim.o
    0x08001d8a   0x08001d8a   0x00000002   PAD
    0x08001d8c   0x08001d8c   0x00000014   Code   RO           14    i.HAL_TIM_PeriodElapsedCallback  main.o
    0x08001da0   0x08001da0   0x00000002   Code   RO         2250    i.HAL_TIM_TriggerCallback  stm32f4xx_hal_tim.o
    0x08001da2   0x08001da2   0x00000002   Code   RO         3142    i.HAL_UARTEx_RxEventCallback  stm32f4xx_hal_uart.o
    0x08001da4   0x08001da4   0x00000002   Code   RO         3156    i.HAL_UART_ErrorCallback  stm32f4xx_hal_uart.o
    0x08001da6   0x08001da6   0x00000002   PAD
    0x08001da8   0x08001da8   0x00000270   Code   RO         3159    i.HAL_UART_IRQHandler  stm32f4xx_hal_uart.o
    0x08002018   0x08002018   0x00000064   Code   RO         3160    i.HAL_UART_Init     stm32f4xx_hal_uart.o
    0x0800207c   0x0800207c   0x00000138   Code   RO          427    i.HAL_UART_MspInit  usart.o
    0x080021b4   0x080021b4   0x00000002   Code   RO         3166    i.HAL_UART_RxCpltCallback  stm32f4xx_hal_uart.o
    0x080021b6   0x080021b6   0x00000002   Code   RO         3171    i.HAL_UART_TxCpltCallback  stm32f4xx_hal_uart.o
    0x080021b8   0x080021b8   0x00000002   Code   RO          479    i.HardFault_Handler  stm32f4xx_it.o
    0x080021ba   0x080021ba   0x00000002   PAD
    0x080021bc   0x080021bc   0x00000060   Code   RO         5290    i.LCD_Clear         lcd.o
    0x0800221c   0x0800221c   0x0000009a   Code   RO         5403    i.LCD_DrawLine      gui.o
    0x080022b6   0x080022b6   0x00000002   PAD
    0x080022b8   0x080022b8   0x00000018   Code   RO         5291    i.LCD_DrawPoint     lcd.o
    0x080022d0   0x080022d0   0x0000024c   Code   RO         5293    i.LCD_Init          lcd.o
    0x0800251c   0x0800251c   0x00000030   Code   RO         5294    i.LCD_RESET         lcd.o
    0x0800254c   0x0800254c   0x00000008   Code   RO         5295    i.LCD_SetCursor     lcd.o
    0x08002554   0x08002554   0x00000068   Code   RO         5296    i.LCD_SetWindows    lcd.o
    0x080025bc   0x080025bc   0x00000108   Code   RO         5406    i.LCD_ShowChar      gui.o
    0x080026c4   0x080026c4   0x00000030   Code   RO         5297    i.LCD_WR_DATA       lcd.o
    0x080026f4   0x080026f4   0x00000030   Code   RO         5298    i.LCD_WR_REG        lcd.o
    0x08002724   0x08002724   0x0000000c   Code   RO         5299    i.LCD_WriteRAM_Prepare  lcd.o
    0x08002730   0x08002730   0x00000012   Code   RO         5300    i.LCD_WriteReg      lcd.o
    0x08002742   0x08002742   0x00000002   PAD
    0x08002744   0x08002744   0x00000064   Code   RO         5301    i.LCD_direction     lcd.o
    0x080027a8   0x080027a8   0x0000003c   Code   RO         5302    i.Lcd_WriteData_16Bit  lcd.o
    0x080027e4   0x080027e4   0x00000024   Code   RO          320    i.MX_CRC_Init       crc.o
    0x08002808   0x08002808   0x0000004c   Code   RO          360    i.MX_DMA_Init       dma.o
    0x08002854   0x08002854   0x0000006c   Code   RO          235    i.MX_FREERTOS_Init  freertos.o
    0x080028c0   0x080028c0   0x00000080   Code   RO          209    i.MX_GPIO_Init      gpio.o
    0x08002940   0x08002940   0x00000044   Code   RO          386    i.MX_SPI1_Init      spi.o
    0x08002984   0x08002984   0x00000038   Code   RO          428    i.MX_USART3_UART_Init  usart.o
    0x080029bc   0x080029bc   0x00000038   Code   RO          429    i.MX_USART6_UART_Init  usart.o
    0x080029f4   0x080029f4   0x00000002   Code   RO          480    i.MemManage_Handler  stm32f4xx_it.o
    0x080029f6   0x080029f6   0x00000002   Code   RO          481    i.NMI_Handler       stm32f4xx_it.o
    0x080029f8   0x080029f8   0x0000000c   Code   RO          482    i.SPI1_IRQHandler   stm32f4xx_it.o
    0x08002a04   0x08002a04   0x00000010   Code   RO         1873    i.SPI_DMAAbortOnError  stm32f4xx_hal_spi.o
    0x08002a14   0x08002a14   0x00000022   Code   RO         1874    i.SPI_DMAError      stm32f4xx_hal_spi.o
    0x08002a36   0x08002a36   0x0000000a   Code   RO         1876    i.SPI_DMAHalfTransmitCplt  stm32f4xx_hal_spi.o
    0x08002a40   0x08002a40   0x00000064   Code   RO         1880    i.SPI_DMATransmitCplt  stm32f4xx_hal_spi.o
    0x08002aa4   0x08002aa4   0x0000006c   Code   RO         1884    i.SPI_EndRxTxTransaction  stm32f4xx_hal_spi.o
    0x08002b10   0x08002b10   0x000000b8   Code   RO         1889    i.SPI_WaitFlagStateUntilTimeout  stm32f4xx_hal_spi.o
    0x08002bc8   0x08002bc8   0x000000cc   Code   RO         5409    i.Show_Str          gui.o
    0x08002c94   0x08002c94   0x00000046   Code   RO          236    i.StartDefaultTask  freertos.o
    0x08002cda   0x08002cda   0x00000008   Code   RO          237    i.StartTask02       freertos.o
    0x08002ce2   0x08002ce2   0x00000008   Code   RO          238    i.StartTask03       freertos.o
    0x08002cea   0x08002cea   0x0000001a   Code   RO         4641    i.SysTick_Handler   cmsis_os2.o
    0x08002d04   0x08002d04   0x00000094   Code   RO           15    i.SystemClock_Config  main.o
    0x08002d98   0x08002d98   0x00000010   Code   RO         3494    i.SystemInit        system_stm32f4xx.o
    0x08002da8   0x08002da8   0x0000000c   Code   RO          483    i.TIM8_TRG_COM_TIM14_IRQHandler  stm32f4xx_it.o
    0x08002db4   0x08002db4   0x000000d8   Code   RO         2252    i.TIM_Base_SetConfig  stm32f4xx_hal_tim.o
    0x08002e8c   0x08002e8c   0x00000018   Code   RO         4642    i.TimerCallback     cmsis_os2.o
    0x08002ea4   0x08002ea4   0x00000010   Code   RO         3173    i.UART_DMAAbortOnError  stm32f4xx_hal_uart.o
    0x08002eb4   0x08002eb4   0x0000004e   Code   RO         3183    i.UART_EndRxTransfer  stm32f4xx_hal_uart.o
    0x08002f02   0x08002f02   0x000000c2   Code   RO         3185    i.UART_Receive_IT   stm32f4xx_hal_uart.o
    0x08002fc4   0x08002fc4   0x0000010c   Code   RO         3186    i.UART_SetConfig    stm32f4xx_hal_uart.o
    0x080030d0   0x080030d0   0x0000000c   Code   RO          484    i.USART3_IRQHandler  stm32f4xx_it.o
    0x080030dc   0x080030dc   0x0000000c   Code   RO          485    i.USART6_IRQHandler  stm32f4xx_it.o
    0x080030e8   0x080030e8   0x00000002   Code   RO          486    i.UsageFault_Handler  stm32f4xx_it.o
    0x080030ea   0x080030ea   0x00000020   Code   RO         1455    i.__NVIC_SetPriority  stm32f4xx_hal_cortex.o
    0x0800310a   0x0800310a   0x0000002e   Code   RO           16    i.main              main.o
    0x08003138   0x08003138   0x000000e8   Code   RO         5552    i.menu_test         test.o
    0x08003220   0x08003220   0x0000001a   Code   RO         4643    i.osDelay           cmsis_os2.o
    0x0800323a   0x0800323a   0x00000002   PAD
    0x0800323c   0x0800323c   0x00000024   Code   RO         4657    i.osKernelInitialize  cmsis_os2.o
    0x08003260   0x08003260   0x00000038   Code   RO         4660    i.osKernelStart     cmsis_os2.o
    0x08003298   0x08003298   0x0000008a   Code   RO         4702    i.osThreadNew       cmsis_os2.o
    0x08003322   0x08003322   0x00000002   PAD
    0x08003324   0x08003324   0x00000078   Code   RO         4711    i.osTimerNew        cmsis_os2.o
    0x0800339c   0x0800339c   0x0000005c   Code   RO         4102    i.prvAddCurrentTaskToDelayedList  tasks.o
    0x080033f8   0x080033f8   0x000000d0   Code   RO         4103    i.prvAddNewTaskToReadyList  tasks.o
    0x080034c8   0x080034c8   0x00000058   Code   RO         4467    i.prvCheckForValidListAndQueue  timers.o
    0x08003520   0x08003520   0x00000026   Code   RO         3699    i.prvCopyDataFromQueue  queue.o
    0x08003546   0x08003546   0x0000006c   Code   RO         3700    i.prvCopyDataToQueue  queue.o
    0x080035b2   0x080035b2   0x00000034   Code   RO         4104    i.prvDeleteTCB      tasks.o
    0x080035e6   0x080035e6   0x00000002   PAD
    0x080035e8   0x080035e8   0x0000004c   Code   RO         5154    i.prvHeapInit       heap_4.o
    0x08003634   0x08003634   0x00000060   Code   RO         4105    i.prvIdleTask       tasks.o
    0x08003694   0x08003694   0x00000022   Code   RO         3702    i.prvInitialiseNewQueue  queue.o
    0x080036b6   0x080036b6   0x00000002   PAD
    0x080036b8   0x080036b8   0x000000b0   Code   RO         4106    i.prvInitialiseNewTask  tasks.o
    0x08003768   0x08003768   0x0000004e   Code   RO         4468    i.prvInitialiseNewTimer  timers.o
    0x080037b6   0x080037b6   0x00000002   PAD
    0x080037b8   0x080037b8   0x0000004c   Code   RO         5155    i.prvInsertBlockIntoFreeList  heap_4.o
    0x08003804   0x08003804   0x00000038   Code   RO         4469    i.prvInsertTimerInActiveList  timers.o
    0x0800383c   0x0800383c   0x0000001c   Code   RO         3703    i.prvIsQueueEmpty   queue.o
    0x08003858   0x08003858   0x000000fc   Code   RO         4470    i.prvProcessReceivedCommands  timers.o
    0x08003954   0x08003954   0x000000c0   Code   RO         4471    i.prvProcessTimerOrBlockTask  timers.o
    0x08003a14   0x08003a14   0x00000020   Code   RO         4108    i.prvResetNextTaskUnblockTime  tasks.o
    0x08003a34   0x08003a34   0x00000028   Code   RO         4472    i.prvSampleTimeNow  timers.o
    0x08003a5c   0x08003a5c   0x0000006c   Code   RO         4473    i.prvSwitchTimerLists  timers.o
    0x08003ac8   0x08003ac8   0x00000028   Code   RO         5210    i.prvTaskExitError  port.o
    0x08003af0   0x08003af0   0x00000024   Code   RO         4474    i.prvTimerTask      timers.o
    0x08003b14   0x08003b14   0x0000006a   Code   RO         3704    i.prvUnlockQueue    queue.o
    0x08003b7e   0x08003b7e   0x00000002   PAD
    0x08003b80   0x08003b80   0x000000dc   Code   RO         5156    i.pvPortMalloc      heap_4.o
    0x08003c5c   0x08003c5c   0x00000024   Code   RO         4475    i.pvTimerGetTimerID  timers.o
    0x08003c80   0x08003c80   0x0000002c   Code   RO         5211    i.pxPortInitialiseStack  port.o
    0x08003cac   0x08003cac   0x00000026   Code   RO         3659    i.uxListRemove      list.o
    0x08003cd2   0x08003cd2   0x00000002   PAD
    0x08003cd4   0x08003cd4   0x00000014   Code   RO         4714    i.vApplicationGetIdleTaskMemory  cmsis_os2.o
    0x08003ce8   0x08003ce8   0x00000018   Code   RO         4715    i.vApplicationGetTimerTaskMemory  cmsis_os2.o
    0x08003d00   0x08003d00   0x00000016   Code   RO         3660    i.vListInitialise   list.o
    0x08003d16   0x08003d16   0x00000006   Code   RO         3661    i.vListInitialiseItem  list.o
    0x08003d1c   0x08003d1c   0x00000030   Code   RO         3662    i.vListInsert       list.o
    0x08003d4c   0x08003d4c   0x00000018   Code   RO         3663    i.vListInsertEnd    list.o
    0x08003d64   0x08003d64   0x00000040   Code   RO         5213    i.vPortEnterCritical  port.o
    0x08003da4   0x08003da4   0x00000028   Code   RO         5214    i.vPortExitCritical  port.o
    0x08003dcc   0x08003dcc   0x00000064   Code   RO         5157    i.vPortFree         heap_4.o
    0x08003e30   0x08003e30   0x00000024   Code   RO         5215    i.vPortSetupTimerInterrupt  port.o
    0x08003e54   0x08003e54   0x00000054   Code   RO         5216    i.vPortValidateInterruptPriority  port.o
    0x08003ea8   0x08003ea8   0x00000028   Code   RO         3710    i.vQueueAddToRegistry  queue.o
    0x08003ed0   0x08003ed0   0x00000044   Code   RO         3714    i.vQueueWaitForMessageRestricted  queue.o
    0x08003f14   0x08003f14   0x0000004c   Code   RO         4121    i.vTaskDelay        tasks.o
    0x08003f60   0x08003f60   0x00000010   Code   RO         4126    i.vTaskInternalSetTimeOutState  tasks.o
    0x08003f70   0x08003f70   0x0000000c   Code   RO         4127    i.vTaskMissedYield  tasks.o
    0x08003f7c   0x08003f7c   0x00000030   Code   RO         4129    i.vTaskPlaceOnEventList  tasks.o
    0x08003fac   0x08003fac   0x00000038   Code   RO         4130    i.vTaskPlaceOnEventListRestricted  tasks.o
    0x08003fe4   0x08003fe4   0x00000088   Code   RO         4138    i.vTaskStartScheduler  tasks.o
    0x0800406c   0x0800406c   0x00000010   Code   RO         4140    i.vTaskSuspendAll   tasks.o
    0x0800407c   0x0800407c   0x00000064   Code   RO         4141    i.vTaskSwitchContext  tasks.o
    0x080040e0   0x080040e0   0x000000f4   Code   RO         5217    i.xPortStartScheduler  port.o
    0x080041d4   0x080041d4   0x0000002c   Code   RO         5218    i.xPortSysTickHandler  port.o
    0x08004200   0x08004200   0x00000066   Code   RO         3720    i.xQueueGenericCreateStatic  queue.o
    0x08004266   0x08004266   0x00000002   PAD
    0x08004268   0x08004268   0x00000088   Code   RO         3721    i.xQueueGenericReset  queue.o
    0x080042f0   0x080042f0   0x00000160   Code   RO         3722    i.xQueueGenericSend  queue.o
    0x08004450   0x08004450   0x000000be   Code   RO         3723    i.xQueueGenericSendFromISR  queue.o
    0x0800450e   0x0800450e   0x00000002   PAD
    0x08004510   0x08004510   0x00000138   Code   RO         3732    i.xQueueReceive     queue.o
    0x08004648   0x08004648   0x00000074   Code   RO         4143    i.xTaskCheckForTimeOut  tasks.o
    0x080046bc   0x080046bc   0x0000005a   Code   RO         4144    i.xTaskCreate       tasks.o
    0x08004716   0x08004716   0x00000056   Code   RO         4145    i.xTaskCreateStatic  tasks.o
    0x0800476c   0x0800476c   0x0000001c   Code   RO         4149    i.xTaskGetSchedulerState  tasks.o
    0x08004788   0x08004788   0x0000000c   Code   RO         4150    i.xTaskGetTickCount  tasks.o
    0x08004794   0x08004794   0x000000c8   Code   RO         4152    i.xTaskIncrementTick  tasks.o
    0x0800485c   0x0800485c   0x00000080   Code   RO         4155    i.xTaskPriorityDisinherit  tasks.o
    0x080048dc   0x080048dc   0x00000070   Code   RO         4157    i.xTaskRemoveFromEventList  tasks.o
    0x0800494c   0x0800494c   0x000000c4   Code   RO         4158    i.xTaskResumeAll    tasks.o
    0x08004a10   0x08004a10   0x00000034   Code   RO         4481    i.xTimerCreate      timers.o
    0x08004a44   0x08004a44   0x0000002e   Code   RO         4482    i.xTimerCreateStatic  timers.o
    0x08004a72   0x08004a72   0x00000002   PAD
    0x08004a74   0x08004a74   0x00000060   Code   RO         4483    i.xTimerCreateTimerTask  timers.o
    0x08004ad4   0x08004ad4   0x00000068   Code   RO         4484    i.xTimerGenericCommand  timers.o
    0x08004b3c   0x08004b3c   0x0000000a   Code   RO         5768    x$fpl$fpinit        fz_wm.l(fpinit.o)
    0x08004b46   0x08004b46   0x00000002   PAD
    0x08004b48   0x08004b48   0x0000008c   Data   RO          247    .constdata          freertos.o
    0x08004bd4   0x08004bd4   0x00000008   Data   RO         1171    .constdata          stm32f4xx_hal_dma.o
    0x08004bdc   0x08004bdc   0x00000010   Data   RO         3495    .constdata          system_stm32f4xx.o
    0x08004bec   0x08004bec   0x00000008   Data   RO         3496    .constdata          system_stm32f4xx.o
    0x08004bf4   0x08004bf4   0x000016ae   Data   RO         5413    .constdata          gui.o
    0x080062a2   0x080062a2   0x00000002   PAD
    0x080062a4   0x080062a4   0x0000003c   Data   RO          248    .conststring        freertos.o
    0x080062e0   0x080062e0   0x00000020   Data   RO         5826    Region$$Table       anon$$obj.o


    Execution Region RW_IRAM1 (Exec base: 0x20000000, Load base: 0x08006300, Size: 0x0000e050, Max: 0x0001c000, ABSOLUTE)

    Exec Addr    Load Addr    Size         Type   Attr      Idx    E Section Name        Object

    0x20000000   0x08006300   0x00000014   Data   RW          249    .data               freertos.o
    0x20000014   0x08006314   0x00000008   Data   RW          321    .data               crc.o
    0x2000001c   0x0800631c   0x0000000c   Data   RW         1604    .data               stm32f4xx_hal.o
    0x20000028   0x08006328   0x00000004   Data   RW         3497    .data               system_stm32f4xx.o
    0x2000002c   0x0800632c   0x0000003c   Data   RW         4161    .data               tasks.o
    0x20000068   0x08006368   0x00000014   Data   RW         4492    .data               timers.o
    0x2000007c   0x0800637c   0x00000004   Data   RW         4717    .data               cmsis_os2.o
    0x20000080   0x08006380   0x00000020   Data   RW         5163    .data               heap_4.o
    0x200000a0   0x080063a0   0x0000000c   Data   RW         5219    .data               port.o
    0x200000ac   0x080063ac   0x00000002   Data   RW         5304    .data               lcd.o
    0x200000ae   0x080063ae   0x00000002   PAD
    0x200000b0        -       0x00002ee0   Zero   RW          239    .bss                freertos.o
    0x20002f90        -       0x0000005c   Zero   RW          240    .bss                freertos.o
    0x20002fec        -       0x00002ee0   Zero   RW          241    .bss                freertos.o
    0x20005ecc        -       0x0000005c   Zero   RW          242    .bss                freertos.o
    0x20005f28        -       0x00002ee0   Zero   RW          243    .bss                freertos.o
    0x20008e08        -       0x0000005c   Zero   RW          244    .bss                freertos.o
    0x20008e64        -       0x0000002c   Zero   RW          245    .bss                freertos.o
    0x20008e90        -       0x0000002c   Zero   RW          246    .bss                freertos.o
    0x20008ebc        -       0x000000b8   Zero   RW          387    .bss                spi.o
    0x20008f74        -       0x00000150   Zero   RW          430    .bss                usart.o
    0x200090c4        -       0x00000048   Zero   RW          601    .bss                stm32f4xx_hal_timebase_tim.o
    0x2000910c        -       0x00000040   Zero   RW         3736    .bss                queue.o
    0x2000914c        -       0x000004c4   Zero   RW         4160    .bss                tasks.o
    0x20009610        -       0x00000118   Zero   RW         4491    .bss                timers.o
    0x20009728        -       0x000006b8   Zero   RW         4716    .bss                cmsis_os2.o
    0x20009de0        -       0x00003c00   Zero   RW         5162    .bss                heap_4.o
    0x2000d9e0        -       0x00000010   Zero   RW         5303    .bss                lcd.o
    0x2000d9f0        -       0x00000060   Zero   RW         5698    .bss                c_w.l(libspace.o)
    0x2000da50        -       0x00000200   Zero   RW            2    HEAP                startup_stm32f407xx.o
    0x2000dc50        -       0x00000400   Zero   RW            1    STACK               startup_stm32f407xx.o


    Execution Region RW_IRAM2 (Exec base: 0x2001c000, Load base: 0x080063b0, Size: 0x00000000, Max: 0x00004000, ABSOLUTE)

    **** No section assigned to this execution region ****


==============================================================================

Image component sizes


      Code (inc. data)   RO Data    RW Data    ZI Data      Debug   Object Name

       470         26          0          4       1720      67056   cmsis_os2.o
        76         18          0          8          0       1531   crc.o
        76          4          0          0          0        794   dma.o
         0          0          0          0          0      21976   event_groups.o
       198         30        200         20      36364       4685   freertos.o
       128         10          0          0          0        959   gpio.o
      1402         70       5806          0          0      10656   gui.o
       472         24          0         32      15360       4883   heap_4.o
      1182         74          0          2         16       9946   lcd.o
       138          0          0          0          0       3562   list.o
       218         14          0          0          0     721436   main.o
       786         82          0         12          0      11513   port.o
      1514         20          0          0         64      17444   queue.o
       288         34          0          0        184       1818   spi.o
        64         26        392          0       1536        844   startup_stm32f407xx.o
       116         18          0         12          0       8730   stm32f4xx_hal.o
       158         14          0          0          0      33050   stm32f4xx_hal_cortex.o
        34          0          0          0          0       1059   stm32f4xx_hal_crc.o
      1084         16          8          0          0       7358   stm32f4xx_hal_dma.o
       506         46          0          0          0       2192   stm32f4xx_hal_gpio.o
        56          4          0          0          0        870   stm32f4xx_hal_msp.o
      1412         86          0          0          0       5901   stm32f4xx_hal_rcc.o
      1100         32          0          0          0       8740   stm32f4xx_hal_spi.o
       748         74          0          0          0       7520   stm32f4xx_hal_tim.o
         4          0          0          0          0       1633   stm32f4xx_hal_tim_ex.o
       152         20          0          0         72       1484   stm32f4xx_hal_timebase_tim.o
      1288         16          0          0          0       8368   stm32f4xx_hal_uart.o
        96         42          0          0          0       6133   stm32f4xx_it.o
         0          0          0          0          0        416   stream_buffer.o
        16          4         24          4          0       1127   system_stm32f4xx.o
      2084        168          0         60       1220      26948   tasks.o
       364         70          0          0          0       1303   test.o
      1184         80          0         20        280      36067   timers.o
       424         46          0          0        336       2609   usart.o

    ----------------------------------------------------------------------
     17886       1168       6464        176      57152    1040611   Object Totals
         0          0         32          0          0          0   (incl. Generated)
        48          0          2          2          0          0   (incl. Padding)

    ----------------------------------------------------------------------

      Code (inc. data)   RO Data    RW Data    ZI Data      Debug   Library Member Name

         8          0          0          0          0         68   __main.o
         0          0          0          0          0          0   __rtentry.o
        12          0          0          0          0          0   __rtentry2.o
         6          0          0          0          0          0   __rtentry4.o
        52          8          0          0          0          0   __scatter.o
        26          0          0          0          0          0   __scatter_copy.o
        28          0          0          0          0          0   __scatter_zi.o
        16          0          0          0          0         68   aeabi_memset.o
        18          0          0          0          0         80   exit.o
         6          0          0          0          0        152   heapauxi.o
         0          0          0          0          0          0   indicate_semi.o
         2          0          0          0          0          0   libinit.o
         6          0          0          0          0          0   libinit2.o
         2          0          0          0          0          0   libshutdown.o
         2          0          0          0          0          0   libshutdown2.o
         8          4          0          0         96         68   libspace.o
       238          0          0          0          0        100   lludivv7m.o
        68          0          0          0          0         68   rt_memclr.o
        78          0          0          0          0         80   rt_memclr_w.o
       138          0          0          0          0         68   rt_memcpy_v6.o
       100          0          0          0          0         80   rt_memcpy_w.o
         2          0          0          0          0          0   rtexit.o
        10          0          0          0          0          0   rtexit2.o
        62          0          0          0          0         76   strlen.o
        12          4          0          0          0         68   sys_exit.o
        74          0          0          0          0         80   sys_stackheap_outer.o
         2          0          0          0          0         68   use_no_semi.o
        10          0          0          0          0        116   fpinit.o

    ----------------------------------------------------------------------
       994         16          0          0         96       1240   Library Totals
         8          0          0          0          0          0   (incl. Padding)

    ----------------------------------------------------------------------

      Code (inc. data)   RO Data    RW Data    ZI Data      Debug   Library Name

       976         16          0          0         96       1124   c_w.l
        10          0          0          0          0        116   fz_wm.l

    ----------------------------------------------------------------------
       994         16          0          0         96       1240   Library Totals

    ----------------------------------------------------------------------

==============================================================================


      Code (inc. data)   RO Data    RW Data    ZI Data      Debug   

     18880       1184       6464        176      57248    1023231   Grand Totals
     18880       1184       6464        176      57248    1023231   ELF Image Totals
     18880       1184       6464        176          0          0   ROM Totals

==============================================================================

    Total RO  Size (Code + RO Data)                25344 (  24.75kB)
    Total RW  Size (RW Data + ZI Data)             57424 (  56.08kB)
    Total ROM Size (Code + RO Data + RW Data)      25520 (  24.92kB)

==============================================================================

